ARM GAS  C:\Users\user\AppData\Local\Temp\cc5MfdEc.s 			page 1


   1              		.cpu cortex-m4
   2              		.arch armv7e-m
   3              		.fpu fpv4-sp-d16
   4              		.eabi_attribute 27, 1
   5              		.eabi_attribute 28, 1
   6              		.eabi_attribute 20, 1
   7              		.eabi_attribute 21, 1
   8              		.eabi_attribute 23, 3
   9              		.eabi_attribute 24, 1
  10              		.eabi_attribute 25, 1
  11              		.eabi_attribute 26, 1
  12              		.eabi_attribute 30, 1
  13              		.eabi_attribute 34, 1
  14              		.eabi_attribute 18, 4
  15              		.file	"Interrupt.c"
  16              		.text
  17              	.Ltext0:
  18              		.cfi_sections	.debug_frame
  19              		.file 1 "Core/Src/Interrupt.c"
  20              		.section	.text.SysTick_Handler,"ax",%progbits
  21              		.align	1
  22              		.global	SysTick_Handler
  23              		.syntax unified
  24              		.thumb
  25              		.thumb_func
  27              	SysTick_Handler:
  28              	.LFB130:
   1:Core/Src/Interrupt.c **** #include "Interrupt.h"
   2:Core/Src/Interrupt.c **** #include "Init.h"
   3:Core/Src/Interrupt.c **** #include "stm32f4xx.h"
   4:Core/Src/Interrupt.c **** 
   5:Core/Src/Interrupt.c **** volatile uint32_t system_time_ms = 0;
   6:Core/Src/Interrupt.c **** 
   7:Core/Src/Interrupt.c **** /* Переменные состояния диодов (флаги) для MCUViewer */
   8:Core/Src/Interrupt.c **** volatile uint8_t led1_state = 0;
   9:Core/Src/Interrupt.c **** volatile uint8_t led2_state = 0;
  10:Core/Src/Interrupt.c **** volatile uint8_t led3_state = 0;
  11:Core/Src/Interrupt.c **** volatile uint8_t led4_state = 0;
  12:Core/Src/Interrupt.c **** volatile uint8_t led5_state = 0;
  13:Core/Src/Interrupt.c **** volatile uint8_t led6_state = 0;
  14:Core/Src/Interrupt.c **** 
  15:Core/Src/Interrupt.c **** /* Флаги кнопок */
  16:Core/Src/Interrupt.c **** volatile uint8_t button1_pressed_flag = 0;
  17:Core/Src/Interrupt.c **** volatile uint8_t button2_press_event_flag = 0;
  18:Core/Src/Interrupt.c **** volatile uint8_t button3_press_event_flag = 0;
  19:Core/Src/Interrupt.c **** 
  20:Core/Src/Interrupt.c **** void SysTick_Handler(void){
  29              		.loc 1 20 27 view -0
  30              		.cfi_startproc
  31              		@ args = 0, pretend = 0, frame = 0
  32              		@ frame_needed = 0, uses_anonymous_args = 0
  33              		@ link register save eliminated.
  21:Core/Src/Interrupt.c ****     system_time_ms++;
  34              		.loc 1 21 5 view .LVU1
  35              		.loc 1 21 19 is_stmt 0 view .LVU2
  36 0000 024A     		ldr	r2, .L2
  37 0002 1368     		ldr	r3, [r2]
ARM GAS  C:\Users\user\AppData\Local\Temp\cc5MfdEc.s 			page 2


  38 0004 0133     		adds	r3, r3, #1
  39 0006 1360     		str	r3, [r2]
  22:Core/Src/Interrupt.c **** }
  40              		.loc 1 22 1 view .LVU3
  41 0008 7047     		bx	lr
  42              	.L3:
  43 000a 00BF     		.align	2
  44              	.L2:
  45 000c 00000000 		.word	system_time_ms
  46              		.cfi_endproc
  47              	.LFE130:
  49              		.section	.text.EXTI0_IRQHandler,"ax",%progbits
  50              		.align	1
  51              		.global	EXTI0_IRQHandler
  52              		.syntax unified
  53              		.thumb
  54              		.thumb_func
  56              	EXTI0_IRQHandler:
  57              	.LFB131:
  23:Core/Src/Interrupt.c **** 
  24:Core/Src/Interrupt.c **** /* EXTI0 -> PA0 */
  25:Core/Src/Interrupt.c **** void EXTI0_IRQHandler(void){
  58              		.loc 1 25 28 is_stmt 1 view -0
  59              		.cfi_startproc
  60              		@ args = 0, pretend = 0, frame = 0
  61              		@ frame_needed = 0, uses_anonymous_args = 0
  62              		@ link register save eliminated.
  26:Core/Src/Interrupt.c ****     if(EXTI->PR & EXTI_PR_PR0){
  63              		.loc 1 26 5 view .LVU5
  64              		.loc 1 26 12 is_stmt 0 view .LVU6
  65 0000 054B     		ldr	r3, .L6
  66 0002 5B69     		ldr	r3, [r3, #20]
  67              		.loc 1 26 7 view .LVU7
  68 0004 13F0010F 		tst	r3, #1
  69 0008 04D0     		beq	.L4
  27:Core/Src/Interrupt.c ****         button1_pressed_flag = 1;
  70              		.loc 1 27 9 is_stmt 1 view .LVU8
  71              		.loc 1 27 30 is_stmt 0 view .LVU9
  72 000a 0123     		movs	r3, #1
  73 000c 034A     		ldr	r2, .L6+4
  74 000e 1370     		strb	r3, [r2]
  28:Core/Src/Interrupt.c ****         EXTI->PR = EXTI_PR_PR0;
  75              		.loc 1 28 9 is_stmt 1 view .LVU10
  76              		.loc 1 28 18 is_stmt 0 view .LVU11
  77 0010 014A     		ldr	r2, .L6
  78 0012 5361     		str	r3, [r2, #20]
  79              	.L4:
  29:Core/Src/Interrupt.c ****     }
  30:Core/Src/Interrupt.c **** }
  80              		.loc 1 30 1 view .LVU12
  81 0014 7047     		bx	lr
  82              	.L7:
  83 0016 00BF     		.align	2
  84              	.L6:
  85 0018 003C0140 		.word	1073822720
  86 001c 00000000 		.word	button1_pressed_flag
  87              		.cfi_endproc
ARM GAS  C:\Users\user\AppData\Local\Temp\cc5MfdEc.s 			page 3


  88              	.LFE131:
  90              		.section	.text.EXTI9_5_IRQHandler,"ax",%progbits
  91              		.align	1
  92              		.global	EXTI9_5_IRQHandler
  93              		.syntax unified
  94              		.thumb
  95              		.thumb_func
  97              	EXTI9_5_IRQHandler:
  98              	.LFB132:
  31:Core/Src/Interrupt.c **** 
  32:Core/Src/Interrupt.c **** /* EXTI9_5 -> PA5 */
  33:Core/Src/Interrupt.c **** void EXTI9_5_IRQHandler(void){
  99              		.loc 1 33 30 is_stmt 1 view -0
 100              		.cfi_startproc
 101              		@ args = 0, pretend = 0, frame = 0
 102              		@ frame_needed = 0, uses_anonymous_args = 0
 103              		@ link register save eliminated.
  34:Core/Src/Interrupt.c ****     if(EXTI->PR & EXTI_PR_PR5){
 104              		.loc 1 34 5 view .LVU14
 105              		.loc 1 34 12 is_stmt 0 view .LVU15
 106 0000 054B     		ldr	r3, .L10
 107 0002 5B69     		ldr	r3, [r3, #20]
 108              		.loc 1 34 7 view .LVU16
 109 0004 13F0200F 		tst	r3, #32
 110 0008 05D0     		beq	.L8
  35:Core/Src/Interrupt.c ****         button2_press_event_flag = 1;
 111              		.loc 1 35 9 is_stmt 1 view .LVU17
 112              		.loc 1 35 34 is_stmt 0 view .LVU18
 113 000a 044B     		ldr	r3, .L10+4
 114 000c 0122     		movs	r2, #1
 115 000e 1A70     		strb	r2, [r3]
  36:Core/Src/Interrupt.c ****         EXTI->PR = EXTI_PR_PR5;
 116              		.loc 1 36 9 is_stmt 1 view .LVU19
 117              		.loc 1 36 18 is_stmt 0 view .LVU20
 118 0010 014B     		ldr	r3, .L10
 119 0012 2022     		movs	r2, #32
 120 0014 5A61     		str	r2, [r3, #20]
 121              	.L8:
  37:Core/Src/Interrupt.c ****     }
  38:Core/Src/Interrupt.c **** }
 122              		.loc 1 38 1 view .LVU21
 123 0016 7047     		bx	lr
 124              	.L11:
 125              		.align	2
 126              	.L10:
 127 0018 003C0140 		.word	1073822720
 128 001c 00000000 		.word	button2_press_event_flag
 129              		.cfi_endproc
 130              	.LFE132:
 132              		.section	.text.EXTI15_10_IRQHandler,"ax",%progbits
 133              		.align	1
 134              		.global	EXTI15_10_IRQHandler
 135              		.syntax unified
 136              		.thumb
 137              		.thumb_func
 139              	EXTI15_10_IRQHandler:
 140              	.LFB133:
ARM GAS  C:\Users\user\AppData\Local\Temp\cc5MfdEc.s 			page 4


  39:Core/Src/Interrupt.c **** 
  40:Core/Src/Interrupt.c **** /* EXTI -> PC13 */
  41:Core/Src/Interrupt.c **** void EXTI15_10_IRQHandler(void){
 141              		.loc 1 41 32 is_stmt 1 view -0
 142              		.cfi_startproc
 143              		@ args = 0, pretend = 0, frame = 0
 144              		@ frame_needed = 0, uses_anonymous_args = 0
 145              		@ link register save eliminated.
  42:Core/Src/Interrupt.c ****     if(EXTI->PR & EXTI_PR_PR13){
 146              		.loc 1 42 5 view .LVU23
 147              		.loc 1 42 12 is_stmt 0 view .LVU24
 148 0000 064B     		ldr	r3, .L14
 149 0002 5B69     		ldr	r3, [r3, #20]
 150              		.loc 1 42 7 view .LVU25
 151 0004 13F4005F 		tst	r3, #8192
 152 0008 06D0     		beq	.L12
  43:Core/Src/Interrupt.c ****         button3_press_event_flag = 1;
 153              		.loc 1 43 9 is_stmt 1 view .LVU26
 154              		.loc 1 43 34 is_stmt 0 view .LVU27
 155 000a 054B     		ldr	r3, .L14+4
 156 000c 0122     		movs	r2, #1
 157 000e 1A70     		strb	r2, [r3]
  44:Core/Src/Interrupt.c ****         EXTI->PR = EXTI_PR_PR13;
 158              		.loc 1 44 9 is_stmt 1 view .LVU28
 159              		.loc 1 44 18 is_stmt 0 view .LVU29
 160 0010 024B     		ldr	r3, .L14
 161 0012 4FF40052 		mov	r2, #8192
 162 0016 5A61     		str	r2, [r3, #20]
 163              	.L12:
  45:Core/Src/Interrupt.c ****     }
  46:Core/Src/Interrupt.c **** }
 164              		.loc 1 46 1 view .LVU30
 165 0018 7047     		bx	lr
 166              	.L15:
 167 001a 00BF     		.align	2
 168              	.L14:
 169 001c 003C0140 		.word	1073822720
 170 0020 00000000 		.word	button3_press_event_flag
 171              		.cfi_endproc
 172              	.LFE133:
 174              		.global	button3_press_event_flag
 175              		.section	.bss.button3_press_event_flag,"aw",%nobits
 178              	button3_press_event_flag:
 179 0000 00       		.space	1
 180              		.global	button2_press_event_flag
 181              		.section	.bss.button2_press_event_flag,"aw",%nobits
 184              	button2_press_event_flag:
 185 0000 00       		.space	1
 186              		.global	button1_pressed_flag
 187              		.section	.bss.button1_pressed_flag,"aw",%nobits
 190              	button1_pressed_flag:
 191 0000 00       		.space	1
 192              		.global	led6_state
 193              		.section	.bss.led6_state,"aw",%nobits
 196              	led6_state:
 197 0000 00       		.space	1
 198              		.global	led5_state
ARM GAS  C:\Users\user\AppData\Local\Temp\cc5MfdEc.s 			page 5


 199              		.section	.bss.led5_state,"aw",%nobits
 202              	led5_state:
 203 0000 00       		.space	1
 204              		.global	led4_state
 205              		.section	.bss.led4_state,"aw",%nobits
 208              	led4_state:
 209 0000 00       		.space	1
 210              		.global	led3_state
 211              		.section	.bss.led3_state,"aw",%nobits
 214              	led3_state:
 215 0000 00       		.space	1
 216              		.global	led2_state
 217              		.section	.bss.led2_state,"aw",%nobits
 220              	led2_state:
 221 0000 00       		.space	1
 222              		.global	led1_state
 223              		.section	.bss.led1_state,"aw",%nobits
 226              	led1_state:
 227 0000 00       		.space	1
 228              		.global	system_time_ms
 229              		.section	.bss.system_time_ms,"aw",%nobits
 230              		.align	2
 233              	system_time_ms:
 234 0000 00000000 		.space	4
 235              		.text
 236              	.Letext0:
 237              		.file 2 "D:/Tools/xpack-arm-none-eabi-gcc-13.2.1-1.1/arm-none-eabi/include/machine/_default_types.
 238              		.file 3 "D:/Tools/xpack-arm-none-eabi-gcc-13.2.1-1.1/arm-none-eabi/include/sys/_stdint.h"
 239              		.file 4 "Core/Inc/Interrupt.h"
 240              		.file 5 "CMSIS/Devices/STM32F4xx/Inc/STM32F429xx/stm32f429xx.h"
 241              		.file 6 "Core/Inc/Init.h"
ARM GAS  C:\Users\user\AppData\Local\Temp\cc5MfdEc.s 			page 6


DEFINED SYMBOLS
                            *ABS*:00000000 Interrupt.c
C:\Users\user\AppData\Local\Temp\cc5MfdEc.s:21     .text.SysTick_Handler:00000000 $t
C:\Users\user\AppData\Local\Temp\cc5MfdEc.s:27     .text.SysTick_Handler:00000000 SysTick_Handler
C:\Users\user\AppData\Local\Temp\cc5MfdEc.s:45     .text.SysTick_Handler:0000000c $d
C:\Users\user\AppData\Local\Temp\cc5MfdEc.s:233    .bss.system_time_ms:00000000 system_time_ms
C:\Users\user\AppData\Local\Temp\cc5MfdEc.s:50     .text.EXTI0_IRQHandler:00000000 $t
C:\Users\user\AppData\Local\Temp\cc5MfdEc.s:56     .text.EXTI0_IRQHandler:00000000 EXTI0_IRQHandler
C:\Users\user\AppData\Local\Temp\cc5MfdEc.s:85     .text.EXTI0_IRQHandler:00000018 $d
C:\Users\user\AppData\Local\Temp\cc5MfdEc.s:190    .bss.button1_pressed_flag:00000000 button1_pressed_flag
C:\Users\user\AppData\Local\Temp\cc5MfdEc.s:91     .text.EXTI9_5_IRQHandler:00000000 $t
C:\Users\user\AppData\Local\Temp\cc5MfdEc.s:97     .text.EXTI9_5_IRQHandler:00000000 EXTI9_5_IRQHandler
C:\Users\user\AppData\Local\Temp\cc5MfdEc.s:127    .text.EXTI9_5_IRQHandler:00000018 $d
C:\Users\user\AppData\Local\Temp\cc5MfdEc.s:184    .bss.button2_press_event_flag:00000000 button2_press_event_flag
C:\Users\user\AppData\Local\Temp\cc5MfdEc.s:133    .text.EXTI15_10_IRQHandler:00000000 $t
C:\Users\user\AppData\Local\Temp\cc5MfdEc.s:139    .text.EXTI15_10_IRQHandler:00000000 EXTI15_10_IRQHandler
C:\Users\user\AppData\Local\Temp\cc5MfdEc.s:169    .text.EXTI15_10_IRQHandler:0000001c $d
C:\Users\user\AppData\Local\Temp\cc5MfdEc.s:178    .bss.button3_press_event_flag:00000000 button3_press_event_flag
C:\Users\user\AppData\Local\Temp\cc5MfdEc.s:179    .bss.button3_press_event_flag:00000000 $d
C:\Users\user\AppData\Local\Temp\cc5MfdEc.s:185    .bss.button2_press_event_flag:00000000 $d
C:\Users\user\AppData\Local\Temp\cc5MfdEc.s:191    .bss.button1_pressed_flag:00000000 $d
C:\Users\user\AppData\Local\Temp\cc5MfdEc.s:196    .bss.led6_state:00000000 led6_state
C:\Users\user\AppData\Local\Temp\cc5MfdEc.s:197    .bss.led6_state:00000000 $d
C:\Users\user\AppData\Local\Temp\cc5MfdEc.s:202    .bss.led5_state:00000000 led5_state
C:\Users\user\AppData\Local\Temp\cc5MfdEc.s:203    .bss.led5_state:00000000 $d
C:\Users\user\AppData\Local\Temp\cc5MfdEc.s:208    .bss.led4_state:00000000 led4_state
C:\Users\user\AppData\Local\Temp\cc5MfdEc.s:209    .bss.led4_state:00000000 $d
C:\Users\user\AppData\Local\Temp\cc5MfdEc.s:214    .bss.led3_state:00000000 led3_state
C:\Users\user\AppData\Local\Temp\cc5MfdEc.s:215    .bss.led3_state:00000000 $d
C:\Users\user\AppData\Local\Temp\cc5MfdEc.s:220    .bss.led2_state:00000000 led2_state
C:\Users\user\AppData\Local\Temp\cc5MfdEc.s:221    .bss.led2_state:00000000 $d
C:\Users\user\AppData\Local\Temp\cc5MfdEc.s:226    .bss.led1_state:00000000 led1_state
C:\Users\user\AppData\Local\Temp\cc5MfdEc.s:227    .bss.led1_state:00000000 $d
C:\Users\user\AppData\Local\Temp\cc5MfdEc.s:230    .bss.system_time_ms:00000000 $d

NO UNDEFINED SYMBOLS
