ARM GAS  C:\Users\user\AppData\Local\Temp\cciNb158.s 			page 1


   1              		.cpu cortex-m4
   2              		.arch armv7e-m
   3              		.fpu fpv4-sp-d16
   4              		.eabi_attribute 27, 1
   5              		.eabi_attribute 28, 1
   6              		.eabi_attribute 20, 1
   7              		.eabi_attribute 21, 1
   8              		.eabi_attribute 23, 3
   9              		.eabi_attribute 24, 1
  10              		.eabi_attribute 25, 1
  11              		.eabi_attribute 26, 1
  12              		.eabi_attribute 30, 1
  13              		.eabi_attribute 34, 1
  14              		.eabi_attribute 18, 4
  15              		.file	"init.c"
  16              		.text
  17              	.Ltext0:
  18              		.cfi_sections	.debug_frame
  19              		.file 1 "Core/Src/init.c"
  20              		.section	.text.GPIO_Clock_Init,"ax",%progbits
  21              		.align	1
  22              		.global	GPIO_Clock_Init
  23              		.syntax unified
  24              		.thumb
  25              		.thumb_func
  27              	GPIO_Clock_Init:
  28              	.LFB130:
   1:Core/Src/init.c **** #include "init.h"
   2:Core/Src/init.c **** 
   3:Core/Src/init.c **** // === Тактирование портов ===
   4:Core/Src/init.c **** void GPIO_Clock_Init(void)
   5:Core/Src/init.c **** {
  29              		.loc 1 5 1 view -0
  30              		.cfi_startproc
  31              		@ args = 0, pretend = 0, frame = 0
  32              		@ frame_needed = 0, uses_anonymous_args = 0
  33              		@ link register save eliminated.
   6:Core/Src/init.c ****     RCC->AHB1ENR |= RCC_AHB1ENR_GPIOBEN | RCC_AHB1ENR_GPIODEN | RCC_AHB1ENR_GPIOEEN;
  34              		.loc 1 6 5 view .LVU1
  35              		.loc 1 6 8 is_stmt 0 view .LVU2
  36 0000 024A     		ldr	r2, .L2
  37 0002 136B     		ldr	r3, [r2, #48]
  38              		.loc 1 6 18 view .LVU3
  39 0004 43F01A03 		orr	r3, r3, #26
  40 0008 1363     		str	r3, [r2, #48]
   7:Core/Src/init.c **** }
  41              		.loc 1 7 1 view .LVU4
  42 000a 7047     		bx	lr
  43              	.L3:
  44              		.align	2
  45              	.L2:
  46 000c 00380240 		.word	1073887232
  47              		.cfi_endproc
  48              	.LFE130:
  50              		.section	.text.GPIO_PB0_INIT,"ax",%progbits
  51              		.align	1
  52              		.global	GPIO_PB0_INIT
ARM GAS  C:\Users\user\AppData\Local\Temp\cciNb158.s 			page 2


  53              		.syntax unified
  54              		.thumb
  55              		.thumb_func
  57              	GPIO_PB0_INIT:
  58              	.LFB131:
   8:Core/Src/init.c **** 
   9:Core/Src/init.c **** void GPIO_PB0_INIT(void) // Настройка жёлтого светодиода PB0
  10:Core/Src/init.c **** {
  59              		.loc 1 10 1 is_stmt 1 view -0
  60              		.cfi_startproc
  61              		@ args = 0, pretend = 0, frame = 0
  62              		@ frame_needed = 0, uses_anonymous_args = 0
  63              		@ link register save eliminated.
  11:Core/Src/init.c ****     GPIOB->MODER |= GPIO_MODER_MODER0_0; // MODER14 = 01 (выход)
  64              		.loc 1 11 5 view .LVU6
  65              		.loc 1 11 10 is_stmt 0 view .LVU7
  66 0000 084B     		ldr	r3, .L5
  67 0002 1A68     		ldr	r2, [r3]
  68              		.loc 1 11 18 view .LVU8
  69 0004 42F00102 		orr	r2, r2, #1
  70 0008 1A60     		str	r2, [r3]
  12:Core/Src/init.c ****     GPIOB->OTYPER &= ~GPIO_OTYPER_OT_0;  // OTYPER14 = 0 (push-pull) 
  71              		.loc 1 12 5 is_stmt 1 view .LVU9
  72              		.loc 1 12 10 is_stmt 0 view .LVU10
  73 000a 5A68     		ldr	r2, [r3, #4]
  74              		.loc 1 12 19 view .LVU11
  75 000c 22F00102 		bic	r2, r2, #1
  76 0010 5A60     		str	r2, [r3, #4]
  13:Core/Src/init.c ****     GPIOB->OSPEEDR |= GPIO_OSPEEDR_OSPEED0_0; // Medium speed
  77              		.loc 1 13 5 is_stmt 1 view .LVU12
  78              		.loc 1 13 10 is_stmt 0 view .LVU13
  79 0012 9A68     		ldr	r2, [r3, #8]
  80              		.loc 1 13 20 view .LVU14
  81 0014 42F00102 		orr	r2, r2, #1
  82 0018 9A60     		str	r2, [r3, #8]
  14:Core/Src/init.c ****     GPIOB->PUPDR &= ~GPIO_PUPDR_PUPDR0;  // No pull
  83              		.loc 1 14 5 is_stmt 1 view .LVU15
  84              		.loc 1 14 10 is_stmt 0 view .LVU16
  85 001a DA68     		ldr	r2, [r3, #12]
  86              		.loc 1 14 18 view .LVU17
  87 001c 22F00302 		bic	r2, r2, #3
  88 0020 DA60     		str	r2, [r3, #12]
  15:Core/Src/init.c **** }
  89              		.loc 1 15 1 view .LVU18
  90 0022 7047     		bx	lr
  91              	.L6:
  92              		.align	2
  93              	.L5:
  94 0024 00040240 		.word	1073873920
  95              		.cfi_endproc
  96              	.LFE131:
  98              		.section	.text.GPIO_PB7_INIT,"ax",%progbits
  99              		.align	1
 100              		.global	GPIO_PB7_INIT
 101              		.syntax unified
 102              		.thumb
 103              		.thumb_func
ARM GAS  C:\Users\user\AppData\Local\Temp\cciNb158.s 			page 3


 105              	GPIO_PB7_INIT:
 106              	.LFB132:
  16:Core/Src/init.c **** 
  17:Core/Src/init.c **** void GPIO_PB7_INIT(void)
  18:Core/Src/init.c **** {
 107              		.loc 1 18 1 is_stmt 1 view -0
 108              		.cfi_startproc
 109              		@ args = 0, pretend = 0, frame = 0
 110              		@ frame_needed = 0, uses_anonymous_args = 0
 111              		@ link register save eliminated.
  19:Core/Src/init.c ****     *(uint32_t*)(0x40020400UL + 0x00UL) |= 0x4000; // MODER7 - 01
 112              		.loc 1 19 5 view .LVU20
 113 0000 064B     		ldr	r3, .L8
 114 0002 D3F80024 		ldr	r2, [r3, #1024]
 115              		.loc 1 19 41 is_stmt 0 view .LVU21
 116 0006 42F48042 		orr	r2, r2, #16384
 117 000a C3F80024 		str	r2, [r3, #1024]
  20:Core/Src/init.c ****     *(uint32_t*)(0x40020400UL + 0x04UL) |= 0x00000000; // OTYPER - 00
 118              		.loc 1 20 5 is_stmt 1 view .LVU22
  21:Core/Src/init.c ****     *(uint32_t*)(0x40020400UL + 0x08UL) |= 0x4000; // OSPEEDR7 - 01
 119              		.loc 1 21 5 view .LVU23
 120 000e D3F80824 		ldr	r2, [r3, #1032]
 121              		.loc 1 21 41 is_stmt 0 view .LVU24
 122 0012 42F48042 		orr	r2, r2, #16384
 123 0016 C3F80824 		str	r2, [r3, #1032]
  22:Core/Src/init.c ****     *(uint32_t*)(0x40020400UL + 0x0CUL) |= 0x00000000; // PUPDR7 - 00 
 124              		.loc 1 22 5 is_stmt 1 view .LVU25
  23:Core/Src/init.c **** }
 125              		.loc 1 23 1 is_stmt 0 view .LVU26
 126 001a 7047     		bx	lr
 127              	.L9:
 128              		.align	2
 129              	.L8:
 130 001c 00000240 		.word	1073872896
 131              		.cfi_endproc
 132              	.LFE132:
 134              		.section	.text.GPIO_PB14_INIT,"ax",%progbits
 135              		.align	1
 136              		.global	GPIO_PB14_INIT
 137              		.syntax unified
 138              		.thumb
 139              		.thumb_func
 141              	GPIO_PB14_INIT:
 142              	.LFB133:
  24:Core/Src/init.c **** 
  25:Core/Src/init.c **** void GPIO_PB14_INIT(void) // Настройка светодиода PB14
  26:Core/Src/init.c **** {
 143              		.loc 1 26 1 is_stmt 1 view -0
 144              		.cfi_startproc
 145              		@ args = 0, pretend = 0, frame = 0
 146              		@ frame_needed = 0, uses_anonymous_args = 0
 147              		@ link register save eliminated.
  27:Core/Src/init.c ****     GPIOB_MODER |= GPIOB_MODER_PIN14_ON;
 148              		.loc 1 27 5 view .LVU28
 149 0000 064B     		ldr	r3, .L11
 150 0002 D3F80024 		ldr	r2, [r3, #1024]
 151              		.loc 1 27 17 is_stmt 0 view .LVU29
ARM GAS  C:\Users\user\AppData\Local\Temp\cciNb158.s 			page 4


 152 0006 42F08052 		orr	r2, r2, #268435456
 153 000a C3F80024 		str	r2, [r3, #1024]
  28:Core/Src/init.c ****     GPIOB_OTYPER |= GPIOB_OTYPER_PIN14_PP;
 154              		.loc 1 28 5 is_stmt 1 view .LVU30
  29:Core/Src/init.c ****     GPIOB_OSPEEDR |= GPIOB_OSPEEDR_PIN14_MID;  
 155              		.loc 1 29 5 view .LVU31
 156 000e D3F80824 		ldr	r2, [r3, #1032]
 157              		.loc 1 29 19 is_stmt 0 view .LVU32
 158 0012 42F08052 		orr	r2, r2, #268435456
 159 0016 C3F80824 		str	r2, [r3, #1032]
  30:Core/Src/init.c ****     GPIOB_PUPDR |= GPIOB_PUPDR_PIN14_NOPUPD;
 160              		.loc 1 30 5 is_stmt 1 view .LVU33
  31:Core/Src/init.c **** }
 161              		.loc 1 31 1 is_stmt 0 view .LVU34
 162 001a 7047     		bx	lr
 163              	.L12:
 164              		.align	2
 165              	.L11:
 166 001c 00000240 		.word	1073872896
 167              		.cfi_endproc
 168              	.LFE133:
 170              		.section	.text.Button_PD3_Init,"ax",%progbits
 171              		.align	1
 172              		.global	Button_PD3_Init
 173              		.syntax unified
 174              		.thumb
 175              		.thumb_func
 177              	Button_PD3_Init:
 178              	.LFB134:
  32:Core/Src/init.c **** 
  33:Core/Src/init.c **** // === Настройка кнопки PD3 ===
  34:Core/Src/init.c **** void Button_PD3_Init(void)
  35:Core/Src/init.c **** {
 179              		.loc 1 35 1 is_stmt 1 view -0
 180              		.cfi_startproc
 181              		@ args = 0, pretend = 0, frame = 0
 182              		@ frame_needed = 0, uses_anonymous_args = 0
 183              		@ link register save eliminated.
  36:Core/Src/init.c ****     GPIOD->MODER &= ~GPIO_MODER_MODER3;
 184              		.loc 1 36 5 view .LVU36
 185              		.loc 1 36 10 is_stmt 0 view .LVU37
 186 0000 064B     		ldr	r3, .L14
 187 0002 1A68     		ldr	r2, [r3]
 188              		.loc 1 36 18 view .LVU38
 189 0004 22F0C002 		bic	r2, r2, #192
 190 0008 1A60     		str	r2, [r3]
  37:Core/Src/init.c ****     GPIOD->PUPDR &= ~GPIO_PUPDR_PUPD3;
 191              		.loc 1 37 5 is_stmt 1 view .LVU39
 192              		.loc 1 37 10 is_stmt 0 view .LVU40
 193 000a DA68     		ldr	r2, [r3, #12]
 194              		.loc 1 37 18 view .LVU41
 195 000c 22F0C002 		bic	r2, r2, #192
 196 0010 DA60     		str	r2, [r3, #12]
  38:Core/Src/init.c ****     GPIOD->PUPDR |=  GPIO_PUPDR_PUPD3_0; // подтяжка вверх
 197              		.loc 1 38 5 is_stmt 1 view .LVU42
 198              		.loc 1 38 10 is_stmt 0 view .LVU43
 199 0012 DA68     		ldr	r2, [r3, #12]
ARM GAS  C:\Users\user\AppData\Local\Temp\cciNb158.s 			page 5


 200              		.loc 1 38 18 view .LVU44
 201 0014 42F04002 		orr	r2, r2, #64
 202 0018 DA60     		str	r2, [r3, #12]
  39:Core/Src/init.c **** }
 203              		.loc 1 39 1 view .LVU45
 204 001a 7047     		bx	lr
 205              	.L15:
 206              		.align	2
 207              	.L14:
 208 001c 000C0240 		.word	1073875968
 209              		.cfi_endproc
 210              	.LFE134:
 212              		.section	.text.Button_PD5_Init,"ax",%progbits
 213              		.align	1
 214              		.global	Button_PD5_Init
 215              		.syntax unified
 216              		.thumb
 217              		.thumb_func
 219              	Button_PD5_Init:
 220              	.LFB135:
  40:Core/Src/init.c **** 
  41:Core/Src/init.c **** // === Настройка кнопки PD5 ===
  42:Core/Src/init.c **** void Button_PD5_Init(void)
  43:Core/Src/init.c **** {
 221              		.loc 1 43 1 is_stmt 1 view -0
 222              		.cfi_startproc
 223              		@ args = 0, pretend = 0, frame = 0
 224              		@ frame_needed = 0, uses_anonymous_args = 0
 225              		@ link register save eliminated.
  44:Core/Src/init.c ****     GPIOD->MODER &= ~GPIO_MODER_MODER5;
 226              		.loc 1 44 5 view .LVU47
 227              		.loc 1 44 10 is_stmt 0 view .LVU48
 228 0000 064B     		ldr	r3, .L17
 229 0002 1A68     		ldr	r2, [r3]
 230              		.loc 1 44 18 view .LVU49
 231 0004 22F44062 		bic	r2, r2, #3072
 232 0008 1A60     		str	r2, [r3]
  45:Core/Src/init.c ****     GPIOD->PUPDR &= ~GPIO_PUPDR_PUPD5;
 233              		.loc 1 45 5 is_stmt 1 view .LVU50
 234              		.loc 1 45 10 is_stmt 0 view .LVU51
 235 000a DA68     		ldr	r2, [r3, #12]
 236              		.loc 1 45 18 view .LVU52
 237 000c 22F44062 		bic	r2, r2, #3072
 238 0010 DA60     		str	r2, [r3, #12]
  46:Core/Src/init.c ****     GPIOD->PUPDR |=  GPIO_PUPDR_PUPD5_0; // подтяжка вверх
 239              		.loc 1 46 5 is_stmt 1 view .LVU53
 240              		.loc 1 46 10 is_stmt 0 view .LVU54
 241 0012 DA68     		ldr	r2, [r3, #12]
 242              		.loc 1 46 18 view .LVU55
 243 0014 42F48062 		orr	r2, r2, #1024
 244 0018 DA60     		str	r2, [r3, #12]
  47:Core/Src/init.c **** }
 245              		.loc 1 47 1 view .LVU56
 246 001a 7047     		bx	lr
 247              	.L18:
 248              		.align	2
 249              	.L17:
ARM GAS  C:\Users\user\AppData\Local\Temp\cciNb158.s 			page 6


 250 001c 000C0240 		.word	1073875968
 251              		.cfi_endproc
 252              	.LFE135:
 254              		.section	.text.Button_PE10_Init,"ax",%progbits
 255              		.align	1
 256              		.global	Button_PE10_Init
 257              		.syntax unified
 258              		.thumb
 259              		.thumb_func
 261              	Button_PE10_Init:
 262              	.LFB136:
  48:Core/Src/init.c **** 
  49:Core/Src/init.c **** // === Настройка кнопки PE10 ===
  50:Core/Src/init.c **** void Button_PE10_Init(void)
  51:Core/Src/init.c **** {
 263              		.loc 1 51 1 is_stmt 1 view -0
 264              		.cfi_startproc
 265              		@ args = 0, pretend = 0, frame = 0
 266              		@ frame_needed = 0, uses_anonymous_args = 0
 267              		@ link register save eliminated.
  52:Core/Src/init.c ****     GPIOE->MODER &= ~GPIO_MODER_MODER10;
 268              		.loc 1 52 5 view .LVU58
 269              		.loc 1 52 10 is_stmt 0 view .LVU59
 270 0000 064B     		ldr	r3, .L20
 271 0002 1A68     		ldr	r2, [r3]
 272              		.loc 1 52 18 view .LVU60
 273 0004 22F44012 		bic	r2, r2, #3145728
 274 0008 1A60     		str	r2, [r3]
  53:Core/Src/init.c ****     GPIOE->PUPDR &= ~GPIO_PUPDR_PUPD10;
 275              		.loc 1 53 5 is_stmt 1 view .LVU61
 276              		.loc 1 53 10 is_stmt 0 view .LVU62
 277 000a DA68     		ldr	r2, [r3, #12]
 278              		.loc 1 53 18 view .LVU63
 279 000c 22F44012 		bic	r2, r2, #3145728
 280 0010 DA60     		str	r2, [r3, #12]
  54:Core/Src/init.c ****     GPIOE->PUPDR |=  GPIO_PUPDR_PUPD10_0; // подтяжка вверх
 281              		.loc 1 54 5 is_stmt 1 view .LVU64
 282              		.loc 1 54 10 is_stmt 0 view .LVU65
 283 0012 DA68     		ldr	r2, [r3, #12]
 284              		.loc 1 54 18 view .LVU66
 285 0014 42F48012 		orr	r2, r2, #1048576
 286 0018 DA60     		str	r2, [r3, #12]
  55:Core/Src/init.c **** }
 287              		.loc 1 55 1 view .LVU67
 288 001a 7047     		bx	lr
 289              	.L21:
 290              		.align	2
 291              	.L20:
 292 001c 00100240 		.word	1073876992
 293              		.cfi_endproc
 294              	.LFE136:
 296              		.section	.text.LED_PB0_Init,"ax",%progbits
 297              		.align	1
 298              		.global	LED_PB0_Init
 299              		.syntax unified
 300              		.thumb
 301              		.thumb_func
ARM GAS  C:\Users\user\AppData\Local\Temp\cciNb158.s 			page 7


 303              	LED_PB0_Init:
 304              	.LFB137:
  56:Core/Src/init.c **** 
  57:Core/Src/init.c **** // === Светодиод PB0 (жёлтый) ===
  58:Core/Src/init.c **** void LED_PB0_Init(void)
  59:Core/Src/init.c **** {
 305              		.loc 1 59 1 is_stmt 1 view -0
 306              		.cfi_startproc
 307              		@ args = 0, pretend = 0, frame = 0
 308              		@ frame_needed = 0, uses_anonymous_args = 0
 309              		@ link register save eliminated.
  60:Core/Src/init.c ****     GPIOB->MODER &= ~GPIO_MODER_MODER0;
 310              		.loc 1 60 5 view .LVU69
 311              		.loc 1 60 10 is_stmt 0 view .LVU70
 312 0000 0A4B     		ldr	r3, .L23
 313 0002 1A68     		ldr	r2, [r3]
 314              		.loc 1 60 18 view .LVU71
 315 0004 22F00302 		bic	r2, r2, #3
 316 0008 1A60     		str	r2, [r3]
  61:Core/Src/init.c ****     GPIOB->MODER |=  GPIO_MODER_MODER0_0;
 317              		.loc 1 61 5 is_stmt 1 view .LVU72
 318              		.loc 1 61 10 is_stmt 0 view .LVU73
 319 000a 1A68     		ldr	r2, [r3]
 320              		.loc 1 61 18 view .LVU74
 321 000c 42F00102 		orr	r2, r2, #1
 322 0010 1A60     		str	r2, [r3]
  62:Core/Src/init.c ****     GPIOB->OTYPER &= ~GPIO_OTYPER_OT0;
 323              		.loc 1 62 5 is_stmt 1 view .LVU75
 324              		.loc 1 62 10 is_stmt 0 view .LVU76
 325 0012 5A68     		ldr	r2, [r3, #4]
 326              		.loc 1 62 19 view .LVU77
 327 0014 22F00102 		bic	r2, r2, #1
 328 0018 5A60     		str	r2, [r3, #4]
  63:Core/Src/init.c ****     GPIOB->OSPEEDR |= GPIO_OSPEEDER_OSPEEDR0_0;
 329              		.loc 1 63 5 is_stmt 1 view .LVU78
 330              		.loc 1 63 10 is_stmt 0 view .LVU79
 331 001a 9A68     		ldr	r2, [r3, #8]
 332              		.loc 1 63 20 view .LVU80
 333 001c 42F00102 		orr	r2, r2, #1
 334 0020 9A60     		str	r2, [r3, #8]
  64:Core/Src/init.c ****     GPIOB->PUPDR &= ~GPIO_PUPDR_PUPD0;
 335              		.loc 1 64 5 is_stmt 1 view .LVU81
 336              		.loc 1 64 10 is_stmt 0 view .LVU82
 337 0022 DA68     		ldr	r2, [r3, #12]
 338              		.loc 1 64 18 view .LVU83
 339 0024 22F00302 		bic	r2, r2, #3
 340 0028 DA60     		str	r2, [r3, #12]
  65:Core/Src/init.c **** }
 341              		.loc 1 65 1 view .LVU84
 342 002a 7047     		bx	lr
 343              	.L24:
 344              		.align	2
 345              	.L23:
 346 002c 00040240 		.word	1073873920
 347              		.cfi_endproc
 348              	.LFE137:
 350              		.section	.text.LED_PB7_Init,"ax",%progbits
ARM GAS  C:\Users\user\AppData\Local\Temp\cciNb158.s 			page 8


 351              		.align	1
 352              		.global	LED_PB7_Init
 353              		.syntax unified
 354              		.thumb
 355              		.thumb_func
 357              	LED_PB7_Init:
 358              	.LFB138:
  66:Core/Src/init.c **** 
  67:Core/Src/init.c **** // === Светодиод PB7 (синий) ===
  68:Core/Src/init.c **** void LED_PB7_Init(void)
  69:Core/Src/init.c **** {
 359              		.loc 1 69 1 is_stmt 1 view -0
 360              		.cfi_startproc
 361              		@ args = 0, pretend = 0, frame = 0
 362              		@ frame_needed = 0, uses_anonymous_args = 0
 363              		@ link register save eliminated.
  70:Core/Src/init.c ****     GPIOB->MODER &= ~GPIO_MODER_MODER7;
 364              		.loc 1 70 5 view .LVU86
 365              		.loc 1 70 10 is_stmt 0 view .LVU87
 366 0000 0A4B     		ldr	r3, .L26
 367 0002 1A68     		ldr	r2, [r3]
 368              		.loc 1 70 18 view .LVU88
 369 0004 22F44042 		bic	r2, r2, #49152
 370 0008 1A60     		str	r2, [r3]
  71:Core/Src/init.c ****     GPIOB->MODER |=  GPIO_MODER_MODER7_0;
 371              		.loc 1 71 5 is_stmt 1 view .LVU89
 372              		.loc 1 71 10 is_stmt 0 view .LVU90
 373 000a 1A68     		ldr	r2, [r3]
 374              		.loc 1 71 18 view .LVU91
 375 000c 42F48042 		orr	r2, r2, #16384
 376 0010 1A60     		str	r2, [r3]
  72:Core/Src/init.c ****     GPIOB->OTYPER &= ~GPIO_OTYPER_OT7;
 377              		.loc 1 72 5 is_stmt 1 view .LVU92
 378              		.loc 1 72 10 is_stmt 0 view .LVU93
 379 0012 5A68     		ldr	r2, [r3, #4]
 380              		.loc 1 72 19 view .LVU94
 381 0014 22F08002 		bic	r2, r2, #128
 382 0018 5A60     		str	r2, [r3, #4]
  73:Core/Src/init.c ****     GPIOB->OSPEEDR |= GPIO_OSPEEDER_OSPEEDR7_0;
 383              		.loc 1 73 5 is_stmt 1 view .LVU95
 384              		.loc 1 73 10 is_stmt 0 view .LVU96
 385 001a 9A68     		ldr	r2, [r3, #8]
 386              		.loc 1 73 20 view .LVU97
 387 001c 42F48042 		orr	r2, r2, #16384
 388 0020 9A60     		str	r2, [r3, #8]
  74:Core/Src/init.c ****     GPIOB->PUPDR &= ~GPIO_PUPDR_PUPD7;
 389              		.loc 1 74 5 is_stmt 1 view .LVU98
 390              		.loc 1 74 10 is_stmt 0 view .LVU99
 391 0022 DA68     		ldr	r2, [r3, #12]
 392              		.loc 1 74 18 view .LVU100
 393 0024 22F44042 		bic	r2, r2, #49152
 394 0028 DA60     		str	r2, [r3, #12]
  75:Core/Src/init.c **** }
 395              		.loc 1 75 1 view .LVU101
 396 002a 7047     		bx	lr
 397              	.L27:
 398              		.align	2
ARM GAS  C:\Users\user\AppData\Local\Temp\cciNb158.s 			page 9


 399              	.L26:
 400 002c 00040240 		.word	1073873920
 401              		.cfi_endproc
 402              	.LFE138:
 404              		.section	.text.LED_PB14_Init,"ax",%progbits
 405              		.align	1
 406              		.global	LED_PB14_Init
 407              		.syntax unified
 408              		.thumb
 409              		.thumb_func
 411              	LED_PB14_Init:
 412              	.LFB139:
  76:Core/Src/init.c **** 
  77:Core/Src/init.c **** // === Светодиод PB14 (красный) ===
  78:Core/Src/init.c **** void LED_PB14_Init(void)
  79:Core/Src/init.c **** {
 413              		.loc 1 79 1 is_stmt 1 view -0
 414              		.cfi_startproc
 415              		@ args = 0, pretend = 0, frame = 0
 416              		@ frame_needed = 0, uses_anonymous_args = 0
 417              		@ link register save eliminated.
  80:Core/Src/init.c ****     GPIOB->MODER &= ~GPIO_MODER_MODER14;
 418              		.loc 1 80 5 view .LVU103
 419              		.loc 1 80 10 is_stmt 0 view .LVU104
 420 0000 0A4B     		ldr	r3, .L29
 421 0002 1A68     		ldr	r2, [r3]
 422              		.loc 1 80 18 view .LVU105
 423 0004 22F04052 		bic	r2, r2, #805306368
 424 0008 1A60     		str	r2, [r3]
  81:Core/Src/init.c ****     GPIOB->MODER |=  GPIO_MODER_MODER14_0;
 425              		.loc 1 81 5 is_stmt 1 view .LVU106
 426              		.loc 1 81 10 is_stmt 0 view .LVU107
 427 000a 1A68     		ldr	r2, [r3]
 428              		.loc 1 81 18 view .LVU108
 429 000c 42F08052 		orr	r2, r2, #268435456
 430 0010 1A60     		str	r2, [r3]
  82:Core/Src/init.c ****     GPIOB->OTYPER &= ~GPIO_OTYPER_OT14;
 431              		.loc 1 82 5 is_stmt 1 view .LVU109
 432              		.loc 1 82 10 is_stmt 0 view .LVU110
 433 0012 5A68     		ldr	r2, [r3, #4]
 434              		.loc 1 82 19 view .LVU111
 435 0014 22F48042 		bic	r2, r2, #16384
 436 0018 5A60     		str	r2, [r3, #4]
  83:Core/Src/init.c ****     GPIOB->OSPEEDR |= GPIO_OSPEEDER_OSPEEDR14_0;
 437              		.loc 1 83 5 is_stmt 1 view .LVU112
 438              		.loc 1 83 10 is_stmt 0 view .LVU113
 439 001a 9A68     		ldr	r2, [r3, #8]
 440              		.loc 1 83 20 view .LVU114
 441 001c 42F08052 		orr	r2, r2, #268435456
 442 0020 9A60     		str	r2, [r3, #8]
  84:Core/Src/init.c ****     GPIOB->PUPDR &= ~GPIO_PUPDR_PUPD14;
 443              		.loc 1 84 5 is_stmt 1 view .LVU115
 444              		.loc 1 84 10 is_stmt 0 view .LVU116
 445 0022 DA68     		ldr	r2, [r3, #12]
 446              		.loc 1 84 18 view .LVU117
 447 0024 22F04052 		bic	r2, r2, #805306368
 448 0028 DA60     		str	r2, [r3, #12]
ARM GAS  C:\Users\user\AppData\Local\Temp\cciNb158.s 			page 10


  85:Core/Src/init.c **** }
 449              		.loc 1 85 1 view .LVU118
 450 002a 7047     		bx	lr
 451              	.L30:
 452              		.align	2
 453              	.L29:
 454 002c 00040240 		.word	1073873920
 455              		.cfi_endproc
 456              	.LFE139:
 458              		.section	.text.Debug_Read_MODER,"ax",%progbits
 459              		.align	1
 460              		.global	Debug_Read_MODER
 461              		.syntax unified
 462              		.thumb
 463              		.thumb_func
 465              	Debug_Read_MODER:
 466              	.LVL0:
 467              	.LFB140:
  86:Core/Src/init.c **** 
  87:Core/Src/init.c **** // === Отладка (чтение MODER для пинов) ===
  88:Core/Src/init.c **** void Debug_Read_MODER(
  89:Core/Src/init.c ****     uint8_t *PE0_mode,  uint8_t *PE1_mode,  uint8_t *PE2_mode,  uint8_t *PE3_mode,  uint8_t *PD3_mo
  90:Core/Src/init.c ****     uint8_t *PE4_mode,  uint8_t *PE5_mode,  uint8_t *PD5_mode,  uint8_t *PE6_mode,  uint8_t *PE7_mo
  91:Core/Src/init.c ****     uint8_t *PE8_mode,  uint8_t *PE9_mode,  uint8_t *PE10_mode, uint8_t *PE11_mode,
  92:Core/Src/init.c ****     uint8_t *PE12_mode, uint8_t *PE13_mode, uint8_t *PE14_mode, uint8_t *PE15_mode)
  93:Core/Src/init.c **** {
 468              		.loc 1 93 1 is_stmt 1 view -0
 469              		.cfi_startproc
 470              		@ args = 56, pretend = 0, frame = 0
 471              		@ frame_needed = 0, uses_anonymous_args = 0
 472              		@ link register save eliminated.
 473              		.loc 1 93 1 is_stmt 0 view .LVU120
 474 0000 30B4     		push	{r4, r5}
 475              	.LCFI0:
 476              		.cfi_def_cfa_offset 8
 477              		.cfi_offset 4, -8
 478              		.cfi_offset 5, -4
  94:Core/Src/init.c ****     uint32_t moderD = GPIOD->MODER;
 479              		.loc 1 94 5 is_stmt 1 view .LVU121
 480              		.loc 1 94 14 is_stmt 0 view .LVU122
 481 0002 254C     		ldr	r4, .L33
 482 0004 2568     		ldr	r5, [r4]
 483              	.LVL1:
  95:Core/Src/init.c ****     uint32_t moderE = GPIOE->MODER;
 484              		.loc 1 95 5 is_stmt 1 view .LVU123
 485              		.loc 1 95 14 is_stmt 0 view .LVU124
 486 0006 04F58064 		add	r4, r4, #1024
 487 000a 2468     		ldr	r4, [r4]
 488              	.LVL2:
  96:Core/Src/init.c **** 
  97:Core/Src/init.c ****     *PE0_mode  = (moderE >> 0)  & 0x3;
 489              		.loc 1 97 5 is_stmt 1 view .LVU125
 490              		.loc 1 97 33 is_stmt 0 view .LVU126
 491 000c 04F0030C 		and	ip, r4, #3
 492              		.loc 1 97 16 view .LVU127
 493 0010 80F800C0 		strb	ip, [r0]
  98:Core/Src/init.c ****     *PE1_mode  = (moderE >> 2)  & 0x3;
ARM GAS  C:\Users\user\AppData\Local\Temp\cciNb158.s 			page 11


 494              		.loc 1 98 5 is_stmt 1 view .LVU128
 495              		.loc 1 98 33 is_stmt 0 view .LVU129
 496 0014 C4F38100 		ubfx	r0, r4, #2, #2
 497              	.LVL3:
 498              		.loc 1 98 16 view .LVU130
 499 0018 0870     		strb	r0, [r1]
  99:Core/Src/init.c ****     *PE2_mode  = (moderE >> 4)  & 0x3;
 500              		.loc 1 99 5 is_stmt 1 view .LVU131
 501              		.loc 1 99 33 is_stmt 0 view .LVU132
 502 001a C4F30111 		ubfx	r1, r4, #4, #2
 503              	.LVL4:
 504              		.loc 1 99 16 view .LVU133
 505 001e 1170     		strb	r1, [r2]
 100:Core/Src/init.c ****     *PD3_mode  = (moderD >> 6)  & 0x3;
 506              		.loc 1 100 5 is_stmt 1 view .LVU134
 507              		.loc 1 100 33 is_stmt 0 view .LVU135
 508 0020 C5F38111 		ubfx	r1, r5, #6, #2
 509              		.loc 1 100 16 view .LVU136
 510 0024 029A     		ldr	r2, [sp, #8]
 511              	.LVL5:
 512              		.loc 1 100 16 view .LVU137
 513 0026 1170     		strb	r1, [r2]
 101:Core/Src/init.c ****     *PE3_mode  = (moderE >> 6)  & 0x3;
 514              		.loc 1 101 5 is_stmt 1 view .LVU138
 515              		.loc 1 101 33 is_stmt 0 view .LVU139
 516 0028 C4F38112 		ubfx	r2, r4, #6, #2
 517              		.loc 1 101 16 view .LVU140
 518 002c 1A70     		strb	r2, [r3]
 102:Core/Src/init.c ****     *PE4_mode  = (moderE >> 8)  & 0x3;
 519              		.loc 1 102 5 is_stmt 1 view .LVU141
 520              		.loc 1 102 33 is_stmt 0 view .LVU142
 521 002e C4F30122 		ubfx	r2, r4, #8, #2
 522              		.loc 1 102 16 view .LVU143
 523 0032 039B     		ldr	r3, [sp, #12]
 524              	.LVL6:
 525              		.loc 1 102 16 view .LVU144
 526 0034 1A70     		strb	r2, [r3]
 103:Core/Src/init.c ****     *PD5_mode  = (moderD >> 10) & 0x3;
 527              		.loc 1 103 5 is_stmt 1 view .LVU145
 528              		.loc 1 103 33 is_stmt 0 view .LVU146
 529 0036 C5F38125 		ubfx	r5, r5, #10, #2
 530              	.LVL7:
 531              		.loc 1 103 16 view .LVU147
 532 003a 059B     		ldr	r3, [sp, #20]
 533 003c 1D70     		strb	r5, [r3]
 104:Core/Src/init.c ****     *PE5_mode  = (moderE >> 10) & 0x3;
 534              		.loc 1 104 5 is_stmt 1 view .LVU148
 535              		.loc 1 104 33 is_stmt 0 view .LVU149
 536 003e C4F38122 		ubfx	r2, r4, #10, #2
 537              		.loc 1 104 16 view .LVU150
 538 0042 049B     		ldr	r3, [sp, #16]
 539 0044 1A70     		strb	r2, [r3]
 105:Core/Src/init.c ****     *PE6_mode  = (moderE >> 12) & 0x3;
 540              		.loc 1 105 5 is_stmt 1 view .LVU151
 541              		.loc 1 105 33 is_stmt 0 view .LVU152
 542 0046 C4F30132 		ubfx	r2, r4, #12, #2
 543              		.loc 1 105 16 view .LVU153
ARM GAS  C:\Users\user\AppData\Local\Temp\cciNb158.s 			page 12


 544 004a 069B     		ldr	r3, [sp, #24]
 545 004c 1A70     		strb	r2, [r3]
 106:Core/Src/init.c ****     *PE7_mode  = (moderE >> 14) & 0x3;
 546              		.loc 1 106 5 is_stmt 1 view .LVU154
 547              		.loc 1 106 33 is_stmt 0 view .LVU155
 548 004e C4F38132 		ubfx	r2, r4, #14, #2
 549              		.loc 1 106 16 view .LVU156
 550 0052 079B     		ldr	r3, [sp, #28]
 551 0054 1A70     		strb	r2, [r3]
 107:Core/Src/init.c ****     *PE8_mode  = (moderE >> 16) & 0x3;
 552              		.loc 1 107 5 is_stmt 1 view .LVU157
 553              		.loc 1 107 33 is_stmt 0 view .LVU158
 554 0056 C4F30142 		ubfx	r2, r4, #16, #2
 555              		.loc 1 107 16 view .LVU159
 556 005a 089B     		ldr	r3, [sp, #32]
 557 005c 1A70     		strb	r2, [r3]
 108:Core/Src/init.c ****     *PE9_mode  = (moderE >> 18) & 0x3;
 558              		.loc 1 108 5 is_stmt 1 view .LVU160
 559              		.loc 1 108 33 is_stmt 0 view .LVU161
 560 005e C4F38142 		ubfx	r2, r4, #18, #2
 561              		.loc 1 108 16 view .LVU162
 562 0062 099B     		ldr	r3, [sp, #36]
 563 0064 1A70     		strb	r2, [r3]
 109:Core/Src/init.c ****     *PE10_mode = (moderE >> 20) & 0x3;
 564              		.loc 1 109 5 is_stmt 1 view .LVU163
 565              		.loc 1 109 33 is_stmt 0 view .LVU164
 566 0066 C4F30152 		ubfx	r2, r4, #20, #2
 567              		.loc 1 109 16 view .LVU165
 568 006a 0A9B     		ldr	r3, [sp, #40]
 569 006c 1A70     		strb	r2, [r3]
 110:Core/Src/init.c ****     *PE11_mode = (moderE >> 22) & 0x3;
 570              		.loc 1 110 5 is_stmt 1 view .LVU166
 571              		.loc 1 110 33 is_stmt 0 view .LVU167
 572 006e C4F38152 		ubfx	r2, r4, #22, #2
 573              		.loc 1 110 16 view .LVU168
 574 0072 0B9B     		ldr	r3, [sp, #44]
 575 0074 1A70     		strb	r2, [r3]
 111:Core/Src/init.c ****     *PE12_mode = (moderE >> 24) & 0x3;
 576              		.loc 1 111 5 is_stmt 1 view .LVU169
 577              		.loc 1 111 33 is_stmt 0 view .LVU170
 578 0076 C4F30162 		ubfx	r2, r4, #24, #2
 579              		.loc 1 111 16 view .LVU171
 580 007a 0C9B     		ldr	r3, [sp, #48]
 581 007c 1A70     		strb	r2, [r3]
 112:Core/Src/init.c ****     *PE13_mode = (moderE >> 26) & 0x3;
 582              		.loc 1 112 5 is_stmt 1 view .LVU172
 583              		.loc 1 112 33 is_stmt 0 view .LVU173
 584 007e C4F38162 		ubfx	r2, r4, #26, #2
 585              		.loc 1 112 16 view .LVU174
 586 0082 0D9B     		ldr	r3, [sp, #52]
 587 0084 1A70     		strb	r2, [r3]
 113:Core/Src/init.c ****     *PE14_mode = (moderE >> 28) & 0x3;
 588              		.loc 1 113 5 is_stmt 1 view .LVU175
 589              		.loc 1 113 33 is_stmt 0 view .LVU176
 590 0086 C4F30172 		ubfx	r2, r4, #28, #2
 591              		.loc 1 113 16 view .LVU177
 592 008a 0E9B     		ldr	r3, [sp, #56]
ARM GAS  C:\Users\user\AppData\Local\Temp\cciNb158.s 			page 13


 593 008c 1A70     		strb	r2, [r3]
 114:Core/Src/init.c ****     *PE15_mode = (moderE >> 30) & 0x3;
 594              		.loc 1 114 5 is_stmt 1 view .LVU178
 595              		.loc 1 114 26 is_stmt 0 view .LVU179
 596 008e A40F     		lsrs	r4, r4, #30
 597              	.LVL8:
 598              		.loc 1 114 16 view .LVU180
 599 0090 0F9B     		ldr	r3, [sp, #60]
 600 0092 1C70     		strb	r4, [r3]
 115:Core/Src/init.c **** }
 601              		.loc 1 115 1 view .LVU181
 602 0094 30BC     		pop	{r4, r5}
 603              	.LCFI1:
 604              		.cfi_restore 5
 605              		.cfi_restore 4
 606              		.cfi_def_cfa_offset 0
 607              	.LVL9:
 608              		.loc 1 115 1 view .LVU182
 609 0096 7047     		bx	lr
 610              	.L34:
 611              		.align	2
 612              	.L33:
 613 0098 000C0240 		.word	1073875968
 614              		.cfi_endproc
 615              	.LFE140:
 617              		.text
 618              	.Letext0:
 619              		.file 2 "D:/Tools/xpack-arm-none-eabi-gcc-13.2.1-1.1/arm-none-eabi/include/machine/_default_types.
 620              		.file 3 "D:/Tools/xpack-arm-none-eabi-gcc-13.2.1-1.1/arm-none-eabi/include/sys/_stdint.h"
 621              		.file 4 "Core/Inc/../../CMSIS/Devices/STM32F4xx/Inc/STM32F429ZI/stm32f429xx.h"
ARM GAS  C:\Users\user\AppData\Local\Temp\cciNb158.s 			page 14


DEFINED SYMBOLS
                            *ABS*:00000000 init.c
C:\Users\user\AppData\Local\Temp\cciNb158.s:21     .text.GPIO_Clock_Init:00000000 $t
C:\Users\user\AppData\Local\Temp\cciNb158.s:27     .text.GPIO_Clock_Init:00000000 GPIO_Clock_Init
C:\Users\user\AppData\Local\Temp\cciNb158.s:46     .text.GPIO_Clock_Init:0000000c $d
C:\Users\user\AppData\Local\Temp\cciNb158.s:51     .text.GPIO_PB0_INIT:00000000 $t
C:\Users\user\AppData\Local\Temp\cciNb158.s:57     .text.GPIO_PB0_INIT:00000000 GPIO_PB0_INIT
C:\Users\user\AppData\Local\Temp\cciNb158.s:94     .text.GPIO_PB0_INIT:00000024 $d
C:\Users\user\AppData\Local\Temp\cciNb158.s:99     .text.GPIO_PB7_INIT:00000000 $t
C:\Users\user\AppData\Local\Temp\cciNb158.s:105    .text.GPIO_PB7_INIT:00000000 GPIO_PB7_INIT
C:\Users\user\AppData\Local\Temp\cciNb158.s:130    .text.GPIO_PB7_INIT:0000001c $d
C:\Users\user\AppData\Local\Temp\cciNb158.s:135    .text.GPIO_PB14_INIT:00000000 $t
C:\Users\user\AppData\Local\Temp\cciNb158.s:141    .text.GPIO_PB14_INIT:00000000 GPIO_PB14_INIT
C:\Users\user\AppData\Local\Temp\cciNb158.s:166    .text.GPIO_PB14_INIT:0000001c $d
C:\Users\user\AppData\Local\Temp\cciNb158.s:171    .text.Button_PD3_Init:00000000 $t
C:\Users\user\AppData\Local\Temp\cciNb158.s:177    .text.Button_PD3_Init:00000000 Button_PD3_Init
C:\Users\user\AppData\Local\Temp\cciNb158.s:208    .text.Button_PD3_Init:0000001c $d
C:\Users\user\AppData\Local\Temp\cciNb158.s:213    .text.Button_PD5_Init:00000000 $t
C:\Users\user\AppData\Local\Temp\cciNb158.s:219    .text.Button_PD5_Init:00000000 Button_PD5_Init
C:\Users\user\AppData\Local\Temp\cciNb158.s:250    .text.Button_PD5_Init:0000001c $d
C:\Users\user\AppData\Local\Temp\cciNb158.s:255    .text.Button_PE10_Init:00000000 $t
C:\Users\user\AppData\Local\Temp\cciNb158.s:261    .text.Button_PE10_Init:00000000 Button_PE10_Init
C:\Users\user\AppData\Local\Temp\cciNb158.s:292    .text.Button_PE10_Init:0000001c $d
C:\Users\user\AppData\Local\Temp\cciNb158.s:297    .text.LED_PB0_Init:00000000 $t
C:\Users\user\AppData\Local\Temp\cciNb158.s:303    .text.LED_PB0_Init:00000000 LED_PB0_Init
C:\Users\user\AppData\Local\Temp\cciNb158.s:346    .text.LED_PB0_Init:0000002c $d
C:\Users\user\AppData\Local\Temp\cciNb158.s:351    .text.LED_PB7_Init:00000000 $t
C:\Users\user\AppData\Local\Temp\cciNb158.s:357    .text.LED_PB7_Init:00000000 LED_PB7_Init
C:\Users\user\AppData\Local\Temp\cciNb158.s:400    .text.LED_PB7_Init:0000002c $d
C:\Users\user\AppData\Local\Temp\cciNb158.s:405    .text.LED_PB14_Init:00000000 $t
C:\Users\user\AppData\Local\Temp\cciNb158.s:411    .text.LED_PB14_Init:00000000 LED_PB14_Init
C:\Users\user\AppData\Local\Temp\cciNb158.s:454    .text.LED_PB14_Init:0000002c $d
C:\Users\user\AppData\Local\Temp\cciNb158.s:459    .text.Debug_Read_MODER:00000000 $t
C:\Users\user\AppData\Local\Temp\cciNb158.s:465    .text.Debug_Read_MODER:00000000 Debug_Read_MODER
C:\Users\user\AppData\Local\Temp\cciNb158.s:613    .text.Debug_Read_MODER:00000098 $d

NO UNDEFINED SYMBOLS
