ARM GAS  C:\Users\user\AppData\Local\Temp\ccdOYTCx.s 			page 1


   1              		.cpu cortex-m4
   2              		.arch armv7e-m
   3              		.fpu fpv4-sp-d16
   4              		.eabi_attribute 27, 1
   5              		.eabi_attribute 28, 1
   6              		.eabi_attribute 20, 1
   7              		.eabi_attribute 21, 1
   8              		.eabi_attribute 23, 3
   9              		.eabi_attribute 24, 1
  10              		.eabi_attribute 25, 1
  11              		.eabi_attribute 26, 1
  12              		.eabi_attribute 30, 1
  13              		.eabi_attribute 34, 1
  14              		.eabi_attribute 18, 4
  15              		.file	"main.c"
  16              		.text
  17              	.Ltext0:
  18              		.cfi_sections	.debug_frame
  19              		.file 1 "Core/Src/main.c"
  20              		.section	.text.delay_loop,"ax",%progbits
  21              		.align	1
  22              		.syntax unified
  23              		.thumb
  24              		.thumb_func
  26              	delay_loop:
  27              	.LVL0:
  28              	.LFB130:
   1:Core/Src/main.c **** #include <stdint.h>
   2:Core/Src/main.c **** #include "init.h"
   3:Core/Src/main.c **** 
   4:Core/Src/main.c **** #define LED1_PIN    0
   5:Core/Src/main.c **** #define LED2_PIN    7
   6:Core/Src/main.c **** #define LED3_PIN    14
   7:Core/Src/main.c **** #define BTN_NEXT    13 // PC13
   8:Core/Src/main.c **** #define BTN_FREQ    7  // PD7
   9:Core/Src/main.c **** #define BTN_SELECT  5  // PD5
  10:Core/Src/main.c **** 
  11:Core/Src/main.c **** #define READ_BTN_NEXT   ((GPIOC->IDR >> BTN_NEXT) & 1)
  12:Core/Src/main.c **** #define READ_BTN_FREQ   ((GPIOD->IDR >> BTN_FREQ) & 1)
  13:Core/Src/main.c **** #define READ_BTN_SELECT ((GPIOD->IDR >> BTN_SELECT) & 1)
  14:Core/Src/main.c **** 
  15:Core/Src/main.c **** #define LED_ON(pin)     (GPIOB->BSRR = (1U << (pin)))
  16:Core/Src/main.c **** #define LED_OFF(pin)    (GPIOB->BSRR = (1U << ((pin) + 16)))
  17:Core/Src/main.c **** #define LED_TOGGLE(pin) (GPIOB->ODR ^= (1U << (pin)))
  18:Core/Src/main.c **** 
  19:Core/Src/main.c **** static void delay_loop(volatile uint32_t count) { while(count--) __NOP(); }
  29              		.loc 1 19 49 view -0
  30              		.cfi_startproc
  31              		@ args = 0, pretend = 0, frame = 8
  32              		@ frame_needed = 0, uses_anonymous_args = 0
  33              		@ link register save eliminated.
  34              		.loc 1 19 49 is_stmt 0 view .LVU1
  35 0000 82B0     		sub	sp, sp, #8
  36              	.LCFI0:
  37              		.cfi_def_cfa_offset 8
  38 0002 0190     		str	r0, [sp, #4]
  39              		.loc 1 19 51 is_stmt 1 view .LVU2
ARM GAS  C:\Users\user\AppData\Local\Temp\ccdOYTCx.s 			page 2


  40              		.loc 1 19 56 is_stmt 0 view .LVU3
  41 0004 00E0     		b	.L2
  42              	.L3:
  43              		.loc 1 19 66 is_stmt 1 discriminator 2 view .LVU4
  44              		.syntax unified
  45              	@ 19 "Core/Src/main.c" 1
  46 0006 00BF     		nop
  47              	@ 0 "" 2
  48              		.thumb
  49              		.syntax unified
  50              	.L2:
  51              		.loc 1 19 57 discriminator 1 view .LVU5
  52              		.loc 1 19 62 is_stmt 0 discriminator 1 view .LVU6
  53 0008 019B     		ldr	r3, [sp, #4]
  54 000a 5A1E     		subs	r2, r3, #1
  55 000c 0192     		str	r2, [sp, #4]
  56              		.loc 1 19 57 discriminator 1 view .LVU7
  57 000e 002B     		cmp	r3, #0
  58 0010 F9D1     		bne	.L3
  59              		.loc 1 19 75 view .LVU8
  60 0012 02B0     		add	sp, sp, #8
  61              	.LCFI1:
  62              		.cfi_def_cfa_offset 0
  63              		@ sp needed
  64 0014 7047     		bx	lr
  65              		.cfi_endproc
  66              	.LFE130:
  68              		.section	.text.delay_ms,"ax",%progbits
  69              		.align	1
  70              		.syntax unified
  71              		.thumb
  72              		.thumb_func
  74              	delay_ms:
  75              	.LVL1:
  76              	.LFB131:
  20:Core/Src/main.c **** static void delay_ms(uint32_t ms) { for(uint32_t i=0;i<ms;i++) delay_loop(3800); } 
  77              		.loc 1 20 35 is_stmt 1 view -0
  78              		.cfi_startproc
  79              		@ args = 0, pretend = 0, frame = 0
  80              		@ frame_needed = 0, uses_anonymous_args = 0
  81              		.loc 1 20 35 is_stmt 0 view .LVU10
  82 0000 38B5     		push	{r3, r4, r5, lr}
  83              	.LCFI2:
  84              		.cfi_def_cfa_offset 16
  85              		.cfi_offset 3, -16
  86              		.cfi_offset 4, -12
  87              		.cfi_offset 5, -8
  88              		.cfi_offset 14, -4
  89 0002 0546     		mov	r5, r0
  90              		.loc 1 20 37 is_stmt 1 view .LVU11
  91              	.LBB2:
  92              		.loc 1 20 41 view .LVU12
  93              	.LVL2:
  94              		.loc 1 20 50 is_stmt 0 view .LVU13
  95 0004 0024     		movs	r4, #0
  96              		.loc 1 20 37 view .LVU14
  97 0006 04E0     		b	.L6
ARM GAS  C:\Users\user\AppData\Local\Temp\ccdOYTCx.s 			page 3


  98              	.LVL3:
  99              	.L7:
 100              		.loc 1 20 64 is_stmt 1 discriminator 3 view .LVU15
 101 0008 40F6D860 		movw	r0, #3800
 102 000c FFF7FEFF 		bl	delay_loop
 103              	.LVL4:
 104              		.loc 1 20 60 discriminator 3 view .LVU16
 105 0010 0134     		adds	r4, r4, #1
 106              	.LVL5:
 107              	.L6:
 108              		.loc 1 20 55 discriminator 2 view .LVU17
 109 0012 AC42     		cmp	r4, r5
 110 0014 F8D3     		bcc	.L7
 111              	.LBE2:
 112              		.loc 1 20 82 is_stmt 0 view .LVU18
 113 0016 38BD     		pop	{r3, r4, r5, pc}
 114              		.loc 1 20 82 view .LVU19
 115              		.cfi_endproc
 116              	.LFE131:
 118              		.section	.text.main,"ax",%progbits
 119              		.align	1
 120              		.global	main
 121              		.syntax unified
 122              		.thumb
 123              		.thumb_func
 125              	main:
 126              	.LFB132:
  21:Core/Src/main.c **** 
  22:Core/Src/main.c **** #define FREQ_COUNT 3
  23:Core/Src/main.c **** 
  24:Core/Src/main.c **** int main(void) {
 127              		.loc 1 24 16 is_stmt 1 view -0
 128              		.cfi_startproc
 129              		@ args = 0, pretend = 0, frame = 64
 130              		@ frame_needed = 0, uses_anonymous_args = 0
 131 0000 F0B5     		push	{r4, r5, r6, r7, lr}
 132              	.LCFI3:
 133              		.cfi_def_cfa_offset 20
 134              		.cfi_offset 4, -20
 135              		.cfi_offset 5, -16
 136              		.cfi_offset 6, -12
 137              		.cfi_offset 7, -8
 138              		.cfi_offset 14, -4
 139 0002 91B0     		sub	sp, sp, #68
 140              	.LCFI4:
 141              		.cfi_def_cfa_offset 88
  25:Core/Src/main.c ****     // Тактирование портов
  26:Core/Src/main.c ****     RCC->AHB1ENR |= RCC_AHB1ENR_GPIOBEN | RCC_AHB1ENR_GPIOCEN | RCC_AHB1ENR_GPIODEN;
 142              		.loc 1 26 5 view .LVU21
 143              		.loc 1 26 8 is_stmt 0 view .LVU22
 144 0004 A74A     		ldr	r2, .L43
 145 0006 136B     		ldr	r3, [r2, #48]
 146              		.loc 1 26 18 view .LVU23
 147 0008 43F00E03 		orr	r3, r3, #14
 148 000c 1363     		str	r3, [r2, #48]
  27:Core/Src/main.c **** 
  28:Core/Src/main.c ****     // Настройка выходов
ARM GAS  C:\Users\user\AppData\Local\Temp\ccdOYTCx.s 			page 4


  29:Core/Src/main.c ****     GPIOB->MODER &= ~((3U<<(LED1_PIN*2)) | (3U<<(LED2_PIN*2)) | (3U<<(LED3_PIN*2)));
 149              		.loc 1 29 5 is_stmt 1 view .LVU24
 150              		.loc 1 29 10 is_stmt 0 view .LVU25
 151 000e A64B     		ldr	r3, .L43+4
 152 0010 1968     		ldr	r1, [r3]
 153              		.loc 1 29 18 view .LVU26
 154 0012 A64A     		ldr	r2, .L43+8
 155 0014 0A40     		ands	r2, r2, r1
 156 0016 1A60     		str	r2, [r3]
  30:Core/Src/main.c ****     GPIOB->MODER |=  ((1U<<(LED1_PIN*2)) | (1U<<(LED2_PIN*2)) | (1U<<(LED3_PIN*2)));
 157              		.loc 1 30 5 is_stmt 1 view .LVU27
 158              		.loc 1 30 10 is_stmt 0 view .LVU28
 159 0018 1968     		ldr	r1, [r3]
 160              		.loc 1 30 18 view .LVU29
 161 001a A54A     		ldr	r2, .L43+12
 162 001c 0A43     		orrs	r2, r2, r1
 163 001e 1A60     		str	r2, [r3]
  31:Core/Src/main.c **** 
  32:Core/Src/main.c ****     // Настройка кнопок
  33:Core/Src/main.c ****     GPIOC->MODER &= ~(3U << (BTN_NEXT*2));  GPIOC->PUPDR &= ~(3U << (BTN_NEXT*2));
 164              		.loc 1 33 5 is_stmt 1 view .LVU30
 165              		.loc 1 33 10 is_stmt 0 view .LVU31
 166 0020 03F58063 		add	r3, r3, #1024
 167 0024 1A68     		ldr	r2, [r3]
 168              		.loc 1 33 18 view .LVU32
 169 0026 22F04062 		bic	r2, r2, #201326592
 170 002a 1A60     		str	r2, [r3]
 171              		.loc 1 33 45 is_stmt 1 view .LVU33
 172              		.loc 1 33 50 is_stmt 0 view .LVU34
 173 002c DA68     		ldr	r2, [r3, #12]
 174              		.loc 1 33 58 view .LVU35
 175 002e 22F04062 		bic	r2, r2, #201326592
 176 0032 DA60     		str	r2, [r3, #12]
  34:Core/Src/main.c ****     GPIOD->MODER &= ~((3U << (BTN_FREQ*2)) | (3U << (BTN_SELECT*2)));
 177              		.loc 1 34 5 is_stmt 1 view .LVU36
 178              		.loc 1 34 10 is_stmt 0 view .LVU37
 179 0034 03F58063 		add	r3, r3, #1024
 180 0038 1A68     		ldr	r2, [r3]
 181              		.loc 1 34 18 view .LVU38
 182 003a 22F44C42 		bic	r2, r2, #52224
 183 003e 1A60     		str	r2, [r3]
  35:Core/Src/main.c ****     GPIOD->PUPDR &= ~((3U << (BTN_FREQ*2)) | (3U << (BTN_SELECT*2)));
 184              		.loc 1 35 5 is_stmt 1 view .LVU39
 185              		.loc 1 35 10 is_stmt 0 view .LVU40
 186 0040 DA68     		ldr	r2, [r3, #12]
 187              		.loc 1 35 18 view .LVU41
 188 0042 22F44C42 		bic	r2, r2, #52224
 189 0046 DA60     		str	r2, [r3, #12]
  36:Core/Src/main.c ****     GPIOD->PUPDR |= ((1U << (BTN_FREQ*2)) | (1U << (BTN_SELECT*2))); // pull-up
 190              		.loc 1 36 5 is_stmt 1 view .LVU42
 191              		.loc 1 36 10 is_stmt 0 view .LVU43
 192 0048 DA68     		ldr	r2, [r3, #12]
 193              		.loc 1 36 18 view .LVU44
 194 004a 42F48842 		orr	r2, r2, #17408
 195 004e DA60     		str	r2, [r3, #12]
  37:Core/Src/main.c **** 
  38:Core/Src/main.c ****     uint8_t prev_next=0, prev_freq=0, prev_select=0;
ARM GAS  C:\Users\user\AppData\Local\Temp\ccdOYTCx.s 			page 5


 196              		.loc 1 38 5 is_stmt 1 view .LVU45
 197              	.LVL6:
  39:Core/Src/main.c ****     uint8_t led_enabled[3]={0,0,0};   // включение диодов
 198              		.loc 1 39 5 view .LVU46
 199              		.loc 1 39 13 is_stmt 0 view .LVU47
 200 0050 0024     		movs	r4, #0
 201 0052 ADF83C40 		strh	r4, [sp, #60]	@ movhi
 202 0056 8DF83E40 		strb	r4, [sp, #62]
  40:Core/Src/main.c ****     uint8_t led_blink[3]={0,0,0};     // режим мигания
 203              		.loc 1 40 5 is_stmt 1 view .LVU48
 204              		.loc 1 40 13 is_stmt 0 view .LVU49
 205 005a ADF83840 		strh	r4, [sp, #56]	@ movhi
 206 005e 8DF83A40 		strb	r4, [sp, #58]
  41:Core/Src/main.c ****     uint8_t led_freq[3]={0,0,0};      // индекс частоты для каждого диод
 207              		.loc 1 41 5 is_stmt 1 view .LVU50
 208              		.loc 1 41 13 is_stmt 0 view .LVU51
 209 0062 ADF83440 		strh	r4, [sp, #52]	@ movhi
 210 0066 8DF83640 		strb	r4, [sp, #54]
  42:Core/Src/main.c ****     uint32_t led_timer[3]={0,0,0};    // таймер для каждого диода
 211              		.loc 1 42 5 is_stmt 1 view .LVU52
 212              		.loc 1 42 14 is_stmt 0 view .LVU53
 213 006a 0A94     		str	r4, [sp, #40]
 214 006c 0B94     		str	r4, [sp, #44]
 215 006e 0C94     		str	r4, [sp, #48]
  43:Core/Src/main.c ****     uint8_t select_led=0;              // выбранный диод
 216              		.loc 1 43 5 is_stmt 1 view .LVU54
 217              	.LVL7:
  44:Core/Src/main.c **** 
  45:Core/Src/main.c ****     const uint8_t leds[]={LED1_PIN, LED2_PIN, LED3_PIN};
 218              		.loc 1 45 5 view .LVU55
 219              		.loc 1 45 19 is_stmt 0 view .LVU56
 220 0070 904D     		ldr	r5, .L43+16
 221 0072 55F8043B 		ldr	r3, [r5], #4
 222 0076 ADF82430 		strh	r3, [sp, #36]	@ movhi
 223 007a 1B0C     		lsrs	r3, r3, #16
 224 007c 8DF82630 		strb	r3, [sp, #38]
  46:Core/Src/main.c **** 
  47:Core/Src/main.c ****     // отдельные массивы частот для каждого диода
  48:Core/Src/main.c ****     const uint32_t freq_delay[3][FREQ_COUNT] = {
 225              		.loc 1 48 5 is_stmt 1 view .LVU57
 226              		.loc 1 48 20 is_stmt 0 view .LVU58
 227 0080 6E46     		mov	r6, sp
 228 0082 0FCD     		ldmia	r5!, {r0, r1, r2, r3}
 229 0084 0FC6     		stmia	r6!, {r0, r1, r2, r3}
 230 0086 0FCD     		ldmia	r5!, {r0, r1, r2, r3}
 231 0088 0FC6     		stmia	r6!, {r0, r1, r2, r3}
 232 008a 2B68     		ldr	r3, [r5]
 233 008c 3360     		str	r3, [r6]
  43:Core/Src/main.c **** 
 234              		.loc 1 43 13 view .LVU59
 235 008e 2746     		mov	r7, r4
  38:Core/Src/main.c ****     uint8_t led_enabled[3]={0,0,0};   // включение диодов
 236              		.loc 1 38 39 view .LVU60
 237 0090 2546     		mov	r5, r4
  38:Core/Src/main.c ****     uint8_t led_enabled[3]={0,0,0};   // включение диодов
 238              		.loc 1 38 26 view .LVU61
 239 0092 2646     		mov	r6, r4
ARM GAS  C:\Users\user\AppData\Local\Temp\ccdOYTCx.s 			page 6


 240 0094 EEE0     		b	.L26
 241              	.LVL8:
 242              	.L40:
  49:Core/Src/main.c ****         {70, 250, 500},   // PB0
  50:Core/Src/main.c ****         {90, 350, 600},   // PB7
  51:Core/Src/main.c ****         {120, 400, 700}   // PB14
  52:Core/Src/main.c ****     };
  53:Core/Src/main.c **** 
  54:Core/Src/main.c ****     while(1) {
  55:Core/Src/main.c ****         // PC13: включаем следующий диод или сбрасываем все
  56:Core/Src/main.c ****         if(READ_BTN_NEXT==0){
  57:Core/Src/main.c ****             delay_loop(550);
 243              		.loc 1 57 13 is_stmt 1 view .LVU62
 244 0096 40F22620 		movw	r0, #550
 245 009a FFF7FEFF 		bl	delay_loop
 246              	.LVL9:
  58:Core/Src/main.c ****             if(READ_BTN_NEXT==0 && prev_next==0){
 247              		.loc 1 58 13 view .LVU63
 248              		.loc 1 58 16 is_stmt 0 view .LVU64
 249 009e 864B     		ldr	r3, .L43+20
 250 00a0 1B69     		ldr	r3, [r3, #16]
 251              		.loc 1 58 15 view .LVU65
 252 00a2 13F4005F 		tst	r3, #8192
 253 00a6 40F0EC80 		bne	.L10
 254              		.loc 1 58 33 discriminator 1 view .LVU66
 255 00aa 002C     		cmp	r4, #0
 256 00ac 40F0E980 		bne	.L10
 257              	.LBB3:
 258              	.LBB4:
  59:Core/Src/main.c ****                 // проверяем, все ли диоды уже включены
  60:Core/Src/main.c ****                 uint8_t all_on = 1;
  61:Core/Src/main.c ****                 for(uint8_t i=0;i<3;i++) if(!led_enabled[i]) all_on=0;
 259              		.loc 1 61 29 view .LVU67
 260 00b0 2346     		mov	r3, r4
 261              	.LBE4:
  60:Core/Src/main.c ****                 for(uint8_t i=0;i<3;i++) if(!led_enabled[i]) all_on=0;
 262              		.loc 1 60 25 view .LVU68
 263 00b2 0122     		movs	r2, #1
 264 00b4 01E0     		b	.L11
 265              	.LVL10:
 266              	.L12:
 267              	.LBB5:
 268              		.loc 1 61 38 is_stmt 1 discriminator 4 view .LVU69
 269 00b6 0133     		adds	r3, r3, #1
 270              	.LVL11:
 271              		.loc 1 61 38 is_stmt 0 discriminator 4 view .LVU70
 272 00b8 DBB2     		uxtb	r3, r3
 273              	.LVL12:
 274              	.L11:
 275              		.loc 1 61 34 is_stmt 1 discriminator 5 view .LVU71
 276 00ba 022B     		cmp	r3, #2
 277 00bc 08D8     		bhi	.L35
 278              		.loc 1 61 42 discriminator 6 view .LVU72
 279              		.loc 1 61 57 is_stmt 0 discriminator 6 view .LVU73
 280 00be 03F14001 		add	r1, r3, #64
 281 00c2 6944     		add	r1, sp, r1
 282 00c4 11F8041C 		ldrb	r1, [r1, #-4]	@ zero_extendqisi2
ARM GAS  C:\Users\user\AppData\Local\Temp\ccdOYTCx.s 			page 7


 283              		.loc 1 61 44 discriminator 6 view .LVU74
 284 00c8 0029     		cmp	r1, #0
 285 00ca F4D1     		bne	.L12
 286              		.loc 1 61 68 discriminator 2 view .LVU75
 287 00cc 0A46     		mov	r2, r1
 288              	.LVL13:
 289              		.loc 1 61 68 discriminator 2 view .LVU76
 290 00ce F2E7     		b	.L12
 291              	.LVL14:
 292              	.L35:
 293              		.loc 1 61 68 discriminator 2 view .LVU77
 294              	.LBE5:
  62:Core/Src/main.c **** 
  63:Core/Src/main.c ****                 if(all_on){
 295              		.loc 1 63 17 is_stmt 1 view .LVU78
 296              		.loc 1 63 19 is_stmt 0 view .LVU79
 297 00d0 CAB9     		cbnz	r2, .L14
 298              	.LVL15:
 299              	.L15:
 300              	.LBB6:
  64:Core/Src/main.c ****                     // если все включены, гасим все
  65:Core/Src/main.c ****                     for(uint8_t i=0;i<3;i++){
  66:Core/Src/main.c ****                         led_enabled[i]=0;
  67:Core/Src/main.c ****                         LED_OFF(leds[i]);
  68:Core/Src/main.c ****                     }
  69:Core/Src/main.c ****                 } else {
  70:Core/Src/main.c ****                     // включаем первый выключенный диод
  71:Core/Src/main.c ****                     for(uint8_t i=0;i<3;i++){
 301              		.loc 1 71 38 is_stmt 1 discriminator 1 view .LVU80
 302 00d2 022A     		cmp	r2, #2
 303 00d4 29D8     		bhi	.L36
  72:Core/Src/main.c ****                         if(!led_enabled[i]){
 304              		.loc 1 72 25 view .LVU81
 305              		.loc 1 72 40 is_stmt 0 view .LVU82
 306 00d6 02F14003 		add	r3, r2, #64
 307 00da 6B44     		add	r3, sp, r3
 308 00dc 13F8043C 		ldrb	r3, [r3, #-4]	@ zero_extendqisi2
 309              		.loc 1 72 27 view .LVU83
 310 00e0 ABB1     		cbz	r3, .L37
  71:Core/Src/main.c ****                         if(!led_enabled[i]){
 311              		.loc 1 71 42 is_stmt 1 discriminator 2 view .LVU84
 312 00e2 0132     		adds	r2, r2, #1
 313              	.LVL16:
  71:Core/Src/main.c ****                         if(!led_enabled[i]){
 314              		.loc 1 71 42 is_stmt 0 discriminator 2 view .LVU85
 315 00e4 D2B2     		uxtb	r2, r2
 316              	.LVL17:
  71:Core/Src/main.c ****                         if(!led_enabled[i]){
 317              		.loc 1 71 42 discriminator 2 view .LVU86
 318 00e6 F4E7     		b	.L15
 319              	.LVL18:
 320              	.L16:
  71:Core/Src/main.c ****                         if(!led_enabled[i]){
 321              		.loc 1 71 42 discriminator 2 view .LVU87
 322              	.LBE6:
 323              	.LBB7:
  66:Core/Src/main.c ****                         LED_OFF(leds[i]);
ARM GAS  C:\Users\user\AppData\Local\Temp\ccdOYTCx.s 			page 8


 324              		.loc 1 66 25 is_stmt 1 view .LVU88
  66:Core/Src/main.c ****                         LED_OFF(leds[i]);
 325              		.loc 1 66 39 is_stmt 0 view .LVU89
 326 00e8 04F14003 		add	r3, r4, #64
 327 00ec 6B44     		add	r3, sp, r3
 328 00ee 0021     		movs	r1, #0
 329 00f0 03F8041C 		strb	r1, [r3, #-4]
  67:Core/Src/main.c ****                     }
 330              		.loc 1 67 25 is_stmt 1 view .LVU90
 331 00f4 13F81C1C 		ldrb	r1, [r3, #-28]	@ zero_extendqisi2
 332 00f8 1031     		adds	r1, r1, #16
 333 00fa 0123     		movs	r3, #1
 334 00fc 8B40     		lsls	r3, r3, r1
 335 00fe 6A49     		ldr	r1, .L43+4
 336 0100 8B61     		str	r3, [r1, #24]
  65:Core/Src/main.c ****                         led_enabled[i]=0;
 337              		.loc 1 65 42 discriminator 3 view .LVU91
 338 0102 0134     		adds	r4, r4, #1
 339              	.LVL19:
  65:Core/Src/main.c ****                         led_enabled[i]=0;
 340              		.loc 1 65 42 is_stmt 0 discriminator 3 view .LVU92
 341 0104 E4B2     		uxtb	r4, r4
 342              	.LVL20:
 343              	.L14:
  65:Core/Src/main.c ****                         led_enabled[i]=0;
 344              		.loc 1 65 38 is_stmt 1 discriminator 1 view .LVU93
 345 0106 022C     		cmp	r4, #2
 346 0108 EED9     		bls	.L16
 347              	.LBE7:
  73:Core/Src/main.c ****                             led_enabled[i]=1;
  74:Core/Src/main.c ****                             LED_ON(leds[i]);
  75:Core/Src/main.c ****                             break;
  76:Core/Src/main.c ****                         }
  77:Core/Src/main.c ****                     }
  78:Core/Src/main.c ****                 }
  79:Core/Src/main.c ****                 prev_next=1;
 348              		.loc 1 79 26 is_stmt 0 view .LVU94
 349 010a 1446     		mov	r4, r2
 350              	.LVL21:
 351              		.loc 1 79 26 view .LVU95
 352 010c B9E0     		b	.L10
 353              	.LVL22:
 354              	.L37:
 355              	.LBB8:
  73:Core/Src/main.c ****                             led_enabled[i]=1;
 356              		.loc 1 73 29 is_stmt 1 view .LVU96
  73:Core/Src/main.c ****                             led_enabled[i]=1;
 357              		.loc 1 73 43 is_stmt 0 view .LVU97
 358 010e 02F14003 		add	r3, r2, #64
 359 0112 0DEB0302 		add	r2, sp, r3
 360              	.LVL23:
  73:Core/Src/main.c ****                             led_enabled[i]=1;
 361              		.loc 1 73 43 view .LVU98
 362 0116 0124     		movs	r4, #1
 363              	.LVL24:
  73:Core/Src/main.c ****                             led_enabled[i]=1;
 364              		.loc 1 73 43 view .LVU99
ARM GAS  C:\Users\user\AppData\Local\Temp\ccdOYTCx.s 			page 9


 365 0118 02F8044C 		strb	r4, [r2, #-4]
  74:Core/Src/main.c ****                             break;
 366              		.loc 1 74 29 is_stmt 1 view .LVU100
 367 011c 12F81C3C 		ldrb	r3, [r2, #-28]	@ zero_extendqisi2
 368              	.LVL25:
  74:Core/Src/main.c ****                             break;
 369              		.loc 1 74 29 is_stmt 0 view .LVU101
 370 0120 04FA03F3 		lsl	r3, r4, r3
 371 0124 604A     		ldr	r2, .L43+4
 372 0126 9361     		str	r3, [r2, #24]
  75:Core/Src/main.c ****                         }
 373              		.loc 1 75 29 is_stmt 1 view .LVU102
 374 0128 ABE0     		b	.L10
 375              	.LVL26:
 376              	.L36:
  75:Core/Src/main.c ****                         }
 377              		.loc 1 75 29 is_stmt 0 view .LVU103
 378              	.LBE8:
 379              		.loc 1 79 26 view .LVU104
 380 012a 0124     		movs	r4, #1
 381              	.LVL27:
 382              	.LBB9:
 383              		.loc 1 79 26 view .LVU105
 384 012c A9E0     		b	.L10
 385              	.LVL28:
 386              	.L41:
 387              		.loc 1 79 26 view .LVU106
 388              	.LBE9:
 389              	.LBE3:
  80:Core/Src/main.c ****             }
  81:Core/Src/main.c ****         } else prev_next=0;
  82:Core/Src/main.c **** 
  83:Core/Src/main.c ****         // PD5: выбор диода для настройки
  84:Core/Src/main.c ****         if(READ_BTN_SELECT==0){
  85:Core/Src/main.c ****             delay_loop(550);
 390              		.loc 1 85 13 is_stmt 1 view .LVU107
 391 012e 40F22620 		movw	r0, #550
 392 0132 FFF7FEFF 		bl	delay_loop
 393              	.LVL29:
  86:Core/Src/main.c ****             if(READ_BTN_SELECT==0 && prev_select==0){
 394              		.loc 1 86 13 view .LVU108
 395              		.loc 1 86 16 is_stmt 0 view .LVU109
 396 0136 614B     		ldr	r3, .L43+24
 397 0138 1B69     		ldr	r3, [r3, #16]
 398              		.loc 1 86 15 view .LVU110
 399 013a 13F0200F 		tst	r3, #32
 400 013e 40F0A780 		bne	.L19
 401              		.loc 1 86 35 discriminator 1 view .LVU111
 402 0142 002D     		cmp	r5, #0
 403 0144 40F0A480 		bne	.L19
  87:Core/Src/main.c ****                 select_led++;
 404              		.loc 1 87 17 is_stmt 1 view .LVU112
 405              		.loc 1 87 27 is_stmt 0 view .LVU113
 406 0148 0137     		adds	r7, r7, #1
 407              	.LVL30:
 408              		.loc 1 87 27 view .LVU114
 409 014a FFB2     		uxtb	r7, r7
ARM GAS  C:\Users\user\AppData\Local\Temp\ccdOYTCx.s 			page 10


 410              	.LVL31:
  88:Core/Src/main.c ****                 if(select_led>2) select_led=0;
 411              		.loc 1 88 17 is_stmt 1 view .LVU115
 412              		.loc 1 88 19 is_stmt 0 view .LVU116
 413 014c 022F     		cmp	r7, #2
 414 014e 01D8     		bhi	.L31
  89:Core/Src/main.c ****                 prev_select=1;
 415              		.loc 1 89 28 view .LVU117
 416 0150 0125     		movs	r5, #1
 417              	.LVL32:
 418              		.loc 1 89 28 view .LVU118
 419 0152 9DE0     		b	.L19
 420              	.LVL33:
 421              	.L31:
  88:Core/Src/main.c ****                 if(select_led>2) select_led=0;
 422              		.loc 1 88 44 discriminator 1 view .LVU119
 423 0154 2F46     		mov	r7, r5
 424              	.LVL34:
 425              		.loc 1 89 28 view .LVU120
 426 0156 0125     		movs	r5, #1
 427              	.LVL35:
 428              		.loc 1 89 28 view .LVU121
 429 0158 9AE0     		b	.L19
 430              	.LVL36:
 431              	.L42:
  90:Core/Src/main.c ****             }
  91:Core/Src/main.c ****         } else prev_select=0;
  92:Core/Src/main.c **** 
  93:Core/Src/main.c ****         // PD7: включение/выключение мигания и смена частоты
  94:Core/Src/main.c ****         if(READ_BTN_FREQ==0){
  95:Core/Src/main.c ****             delay_loop(550);
 432              		.loc 1 95 13 is_stmt 1 view .LVU122
 433 015a 40F22620 		movw	r0, #550
 434 015e FFF7FEFF 		bl	delay_loop
 435              	.LVL37:
  96:Core/Src/main.c ****             if(READ_BTN_FREQ==0 && prev_freq==0){
 436              		.loc 1 96 13 view .LVU123
 437              		.loc 1 96 16 is_stmt 0 view .LVU124
 438 0162 564B     		ldr	r3, .L43+24
 439 0164 1B69     		ldr	r3, [r3, #16]
 440              		.loc 1 96 15 view .LVU125
 441 0166 13F0800F 		tst	r3, #128
 442 016a 40F09880 		bne	.L20
 443              		.loc 1 96 33 discriminator 1 view .LVU126
 444 016e 002E     		cmp	r6, #0
 445 0170 40F09580 		bne	.L20
  97:Core/Src/main.c ****                 led_blink[select_led] = !led_blink[select_led];
 446              		.loc 1 97 17 is_stmt 1 view .LVU127
 447              		.loc 1 97 51 is_stmt 0 view .LVU128
 448 0174 07F14003 		add	r3, r7, #64
 449 0178 0DEB0302 		add	r2, sp, r3
 450 017c 12F8083C 		ldrb	r3, [r2, #-8]	@ zero_extendqisi2
 451              		.loc 1 97 41 view .LVU129
 452 0180 B3FA83F3 		clz	r3, r3
 453 0184 5B09     		lsrs	r3, r3, #5
 454              		.loc 1 97 39 view .LVU130
 455 0186 02F8083C 		strb	r3, [r2, #-8]
ARM GAS  C:\Users\user\AppData\Local\Temp\ccdOYTCx.s 			page 11


  98:Core/Src/main.c ****                 led_freq[select_led]++;
 456              		.loc 1 98 17 is_stmt 1 view .LVU131
 457              		.loc 1 98 25 is_stmt 0 view .LVU132
 458 018a 12F80C3C 		ldrb	r3, [r2, #-12]	@ zero_extendqisi2
 459              		.loc 1 98 37 view .LVU133
 460 018e 0133     		adds	r3, r3, #1
 461 0190 DBB2     		uxtb	r3, r3
 462 0192 02F80C3C 		strb	r3, [r2, #-12]
  99:Core/Src/main.c ****                 if(led_freq[select_led]>=FREQ_COUNT) led_freq[select_led]=0;
 463              		.loc 1 99 17 is_stmt 1 view .LVU134
 464              		.loc 1 99 19 is_stmt 0 view .LVU135
 465 0196 022B     		cmp	r3, #2
 466 0198 07D9     		bls	.L33
 467              		.loc 1 99 54 is_stmt 1 discriminator 1 view .LVU136
 468              		.loc 1 99 74 is_stmt 0 discriminator 1 view .LVU137
 469 019a 0022     		movs	r2, #0
 470 019c 07F14003 		add	r3, r7, #64
 471 01a0 6B44     		add	r3, sp, r3
 472 01a2 03F80C2C 		strb	r2, [r3, #-12]
 100:Core/Src/main.c ****                 prev_freq=1;
 473              		.loc 1 100 26 view .LVU138
 474 01a6 0126     		movs	r6, #1
 475              	.LVL38:
 476              		.loc 1 100 26 view .LVU139
 477 01a8 79E0     		b	.L20
 478              	.LVL39:
 479              	.L33:
 480              		.loc 1 100 26 view .LVU140
 481 01aa 0126     		movs	r6, #1
 482              	.LVL40:
 483              		.loc 1 100 26 view .LVU141
 484 01ac 77E0     		b	.L20
 485              	.LVL41:
 486              	.L39:
 487              	.LBB10:
 101:Core/Src/main.c ****             }
 102:Core/Src/main.c ****         } else prev_freq=0;
 103:Core/Src/main.c **** 
 104:Core/Src/main.c ****         // Обновление диодов
 105:Core/Src/main.c ****         for(uint8_t i=0;i<3;i++){
 106:Core/Src/main.c ****             if(!led_enabled[i]){
 107:Core/Src/main.c ****                 LED_OFF(leds[i]);
 488              		.loc 1 107 17 is_stmt 1 view .LVU142
 489 01ae 03F14002 		add	r2, r3, #64
 490 01b2 6A44     		add	r2, sp, r2
 491 01b4 12F81C1C 		ldrb	r1, [r2, #-28]	@ zero_extendqisi2
 492 01b8 1031     		adds	r1, r1, #16
 493 01ba 0122     		movs	r2, #1
 494 01bc 8A40     		lsls	r2, r2, r1
 495 01be 3A49     		ldr	r1, .L43+4
 496 01c0 8A61     		str	r2, [r1, #24]
 108:Core/Src/main.c ****                 led_timer[i]=0;
 497              		.loc 1 108 17 view .LVU143
 498              		.loc 1 108 29 is_stmt 0 view .LVU144
 499 01c2 0021     		movs	r1, #0
 500 01c4 10AA     		add	r2, sp, #64
 501 01c6 02EB8302 		add	r2, r2, r3, lsl #2
ARM GAS  C:\Users\user\AppData\Local\Temp\ccdOYTCx.s 			page 12


 502 01ca 42F8181C 		str	r1, [r2, #-24]
 109:Core/Src/main.c ****                 continue;
 503              		.loc 1 109 17 is_stmt 1 view .LVU145
 504 01ce 0EE0     		b	.L23
 505              	.L24:
 110:Core/Src/main.c ****             }
 111:Core/Src/main.c ****             if(led_blink[i]){
 112:Core/Src/main.c ****                 led_timer[i]++;
 113:Core/Src/main.c ****                 if(led_timer[i]>=freq_delay[i][led_freq[i]]){
 114:Core/Src/main.c ****                     LED_TOGGLE(leds[i]);
 115:Core/Src/main.c ****                     led_timer[i]=0;
 116:Core/Src/main.c ****                 }
 117:Core/Src/main.c ****             } else {
 118:Core/Src/main.c ****                 LED_ON(leds[i]);
 506              		.loc 1 118 17 view .LVU146
 507 01d0 03F14001 		add	r1, r3, #64
 508 01d4 6944     		add	r1, sp, r1
 509 01d6 11F81C0C 		ldrb	r0, [r1, #-28]	@ zero_extendqisi2
 510 01da 0121     		movs	r1, #1
 511 01dc 8140     		lsls	r1, r1, r0
 512 01de 3248     		ldr	r0, .L43+4
 513 01e0 8161     		str	r1, [r0, #24]
 119:Core/Src/main.c ****                 led_timer[i]=0;
 514              		.loc 1 119 17 view .LVU147
 515              		.loc 1 119 29 is_stmt 0 view .LVU148
 516 01e2 10A9     		add	r1, sp, #64
 517 01e4 01EB8302 		add	r2, r1, r3, lsl #2
 518 01e8 0021     		movs	r1, #0
 519 01ea 42F8181C 		str	r1, [r2, #-24]
 520              	.L23:
 105:Core/Src/main.c ****             if(!led_enabled[i]){
 521              		.loc 1 105 30 is_stmt 1 discriminator 2 view .LVU149
 522 01ee 0133     		adds	r3, r3, #1
 523              	.LVL42:
 105:Core/Src/main.c ****             if(!led_enabled[i]){
 524              		.loc 1 105 30 is_stmt 0 discriminator 2 view .LVU150
 525 01f0 DBB2     		uxtb	r3, r3
 526              	.LVL43:
 527              	.L21:
 105:Core/Src/main.c ****             if(!led_enabled[i]){
 528              		.loc 1 105 26 is_stmt 1 discriminator 1 view .LVU151
 529 01f2 022B     		cmp	r3, #2
 530 01f4 3BD8     		bhi	.L38
 106:Core/Src/main.c ****                 LED_OFF(leds[i]);
 531              		.loc 1 106 13 view .LVU152
 106:Core/Src/main.c ****                 LED_OFF(leds[i]);
 532              		.loc 1 106 28 is_stmt 0 view .LVU153
 533 01f6 03F14001 		add	r1, r3, #64
 534 01fa 6944     		add	r1, sp, r1
 535 01fc 11F8041C 		ldrb	r1, [r1, #-4]	@ zero_extendqisi2
 106:Core/Src/main.c ****                 LED_OFF(leds[i]);
 536              		.loc 1 106 15 view .LVU154
 537 0200 0029     		cmp	r1, #0
 538 0202 D4D0     		beq	.L39
 111:Core/Src/main.c ****                 led_timer[i]++;
 539              		.loc 1 111 13 is_stmt 1 view .LVU155
 111:Core/Src/main.c ****                 led_timer[i]++;
ARM GAS  C:\Users\user\AppData\Local\Temp\ccdOYTCx.s 			page 13


 540              		.loc 1 111 25 is_stmt 0 view .LVU156
 541 0204 03F14001 		add	r1, r3, #64
 542 0208 6944     		add	r1, sp, r1
 543 020a 11F8081C 		ldrb	r1, [r1, #-8]	@ zero_extendqisi2
 111:Core/Src/main.c ****                 led_timer[i]++;
 544              		.loc 1 111 15 view .LVU157
 545 020e 0029     		cmp	r1, #0
 546 0210 DED0     		beq	.L24
 112:Core/Src/main.c ****                 if(led_timer[i]>=freq_delay[i][led_freq[i]]){
 547              		.loc 1 112 17 is_stmt 1 view .LVU158
 112:Core/Src/main.c ****                 if(led_timer[i]>=freq_delay[i][led_freq[i]]){
 548              		.loc 1 112 26 is_stmt 0 view .LVU159
 549 0212 10A9     		add	r1, sp, #64
 550 0214 01EB8301 		add	r1, r1, r3, lsl #2
 551 0218 51F8180C 		ldr	r0, [r1, #-24]
 112:Core/Src/main.c ****                 if(led_timer[i]>=freq_delay[i][led_freq[i]]){
 552              		.loc 1 112 29 view .LVU160
 553 021c 0130     		adds	r0, r0, #1
 554 021e 41F8180C 		str	r0, [r1, #-24]
 113:Core/Src/main.c ****                     LED_TOGGLE(leds[i]);
 555              		.loc 1 113 17 is_stmt 1 view .LVU161
 113:Core/Src/main.c ****                     LED_TOGGLE(leds[i]);
 556              		.loc 1 113 56 is_stmt 0 view .LVU162
 557 0222 03F14001 		add	r1, r3, #64
 558 0226 6944     		add	r1, sp, r1
 559 0228 11F80CCC 		ldrb	ip, [r1, #-12]	@ zero_extendqisi2
 113:Core/Src/main.c ****                     LED_TOGGLE(leds[i]);
 560              		.loc 1 113 47 view .LVU163
 561 022c 03EB4301 		add	r1, r3, r3, lsl #1
 562 0230 6144     		add	r1, r1, ip
 563 0232 0DF1400C 		add	ip, sp, #64
 564 0236 0CEB8101 		add	r1, ip, r1, lsl #2
 565 023a 51F8401C 		ldr	r1, [r1, #-64]
 113:Core/Src/main.c ****                     LED_TOGGLE(leds[i]);
 566              		.loc 1 113 19 view .LVU164
 567 023e 8842     		cmp	r0, r1
 568 0240 D5D3     		bcc	.L23
 114:Core/Src/main.c ****                     led_timer[i]=0;
 569              		.loc 1 114 21 is_stmt 1 view .LVU165
 570 0242 DFF864C0 		ldr	ip, .L43+4
 571 0246 DCF81410 		ldr	r1, [ip, #20]
 572 024a 03F14000 		add	r0, r3, #64
 573 024e 6844     		add	r0, sp, r0
 574 0250 10F81CEC 		ldrb	lr, [r0, #-28]	@ zero_extendqisi2
 575 0254 0120     		movs	r0, #1
 576 0256 00FA0EF0 		lsl	r0, r0, lr
 577 025a 4140     		eors	r1, r1, r0
 578 025c CCF81410 		str	r1, [ip, #20]
 115:Core/Src/main.c ****                 }
 579              		.loc 1 115 21 view .LVU166
 115:Core/Src/main.c ****                 }
 580              		.loc 1 115 33 is_stmt 0 view .LVU167
 581 0260 10A9     		add	r1, sp, #64
 582 0262 01EB8302 		add	r2, r1, r3, lsl #2
 583 0266 0021     		movs	r1, #0
 584 0268 42F8181C 		str	r1, [r2, #-24]
 585 026c BFE7     		b	.L23
ARM GAS  C:\Users\user\AppData\Local\Temp\ccdOYTCx.s 			page 14


 586              	.L38:
 587              	.LBE10:
 120:Core/Src/main.c ****             }
 121:Core/Src/main.c ****         }
 122:Core/Src/main.c **** 
 123:Core/Src/main.c ****         delay_ms(1);
 588              		.loc 1 123 9 is_stmt 1 view .LVU168
 589 026e 0120     		movs	r0, #1
 590 0270 FFF7FEFF 		bl	delay_ms
 591              	.LVL44:
  54:Core/Src/main.c ****         // PC13: включаем следующий диод или сбрасываем все
 592              		.loc 1 54 10 view .LVU169
 593              	.L26:
  54:Core/Src/main.c ****         // PC13: включаем следующий диод или сбрасываем все
 594              		.loc 1 54 5 view .LVU170
  56:Core/Src/main.c ****             delay_loop(550);
 595              		.loc 1 56 9 view .LVU171
  56:Core/Src/main.c ****             delay_loop(550);
 596              		.loc 1 56 12 is_stmt 0 view .LVU172
 597 0274 104B     		ldr	r3, .L43+20
 598 0276 1B69     		ldr	r3, [r3, #16]
  56:Core/Src/main.c ****             delay_loop(550);
 599              		.loc 1 56 11 view .LVU173
 600 0278 13F4005F 		tst	r3, #8192
 601 027c 3FF40BAF 		beq	.L40
  81:Core/Src/main.c **** 
 602              		.loc 1 81 25 view .LVU174
 603 0280 0024     		movs	r4, #0
 604              	.LVL45:
 605              	.L10:
  84:Core/Src/main.c ****             delay_loop(550);
 606              		.loc 1 84 9 is_stmt 1 view .LVU175
  84:Core/Src/main.c ****             delay_loop(550);
 607              		.loc 1 84 12 is_stmt 0 view .LVU176
 608 0282 0E4B     		ldr	r3, .L43+24
 609 0284 1B69     		ldr	r3, [r3, #16]
  84:Core/Src/main.c ****             delay_loop(550);
 610              		.loc 1 84 11 view .LVU177
 611 0286 13F0200F 		tst	r3, #32
 612 028a 3FF450AF 		beq	.L41
  91:Core/Src/main.c **** 
 613              		.loc 1 91 27 view .LVU178
 614 028e 0025     		movs	r5, #0
 615              	.LVL46:
 616              	.L19:
  94:Core/Src/main.c ****             delay_loop(550);
 617              		.loc 1 94 9 is_stmt 1 view .LVU179
  94:Core/Src/main.c ****             delay_loop(550);
 618              		.loc 1 94 12 is_stmt 0 view .LVU180
 619 0290 0A4B     		ldr	r3, .L43+24
 620 0292 1B69     		ldr	r3, [r3, #16]
  94:Core/Src/main.c ****             delay_loop(550);
 621              		.loc 1 94 11 view .LVU181
 622 0294 13F0800F 		tst	r3, #128
 623 0298 3FF45FAF 		beq	.L42
 102:Core/Src/main.c **** 
 624              		.loc 1 102 25 view .LVU182
ARM GAS  C:\Users\user\AppData\Local\Temp\ccdOYTCx.s 			page 15


 625 029c 0026     		movs	r6, #0
 626              	.LVL47:
 627              	.L20:
 105:Core/Src/main.c ****             if(!led_enabled[i]){
 628              		.loc 1 105 9 is_stmt 1 view .LVU183
 629              	.LBB11:
 105:Core/Src/main.c ****             if(!led_enabled[i]){
 630              		.loc 1 105 13 view .LVU184
 105:Core/Src/main.c ****             if(!led_enabled[i]){
 631              		.loc 1 105 21 is_stmt 0 view .LVU185
 632 029e 0023     		movs	r3, #0
 105:Core/Src/main.c ****             if(!led_enabled[i]){
 633              		.loc 1 105 9 view .LVU186
 634 02a0 A7E7     		b	.L21
 635              	.L44:
 636 02a2 00BF     		.align	2
 637              	.L43:
 638 02a4 00380240 		.word	1073887232
 639 02a8 00040240 		.word	1073873920
 640 02ac FC3FFFCF 		.word	-805355524
 641 02b0 01400010 		.word	268451841
 642 02b4 00000000 		.word	.LANCHOR0
 643 02b8 00080240 		.word	1073874944
 644 02bc 000C0240 		.word	1073875968
 645              	.LBE11:
 646              		.cfi_endproc
 647              	.LFE132:
 649              		.section	.rodata
 650              		.align	2
 651              		.set	.LANCHOR0,. + 0
 652              	.LC1:
 653 0000 00070E   		.ascii	"\000\007\016"
 654 0003 00       		.space	1
 655              	.LC0:
 656 0004 46000000 		.word	70
 657 0008 FA000000 		.word	250
 658 000c F4010000 		.word	500
 659 0010 5A000000 		.word	90
 660 0014 5E010000 		.word	350
 661 0018 58020000 		.word	600
 662 001c 78000000 		.word	120
 663 0020 90010000 		.word	400
 664 0024 BC020000 		.word	700
 665              		.text
 666              	.Letext0:
 667              		.file 2 "D:/Tools/xpack-arm-none-eabi-gcc-13.2.1-1.1/arm-none-eabi/include/machine/_default_types.
 668              		.file 3 "D:/Tools/xpack-arm-none-eabi-gcc-13.2.1-1.1/arm-none-eabi/include/sys/_stdint.h"
 669              		.file 4 "Core/Inc/../../CMSIS/Devices/STM32F4xx/Inc/STM32F429ZI/stm32f429xx.h"
ARM GAS  C:\Users\user\AppData\Local\Temp\ccdOYTCx.s 			page 16


DEFINED SYMBOLS
                            *ABS*:00000000 main.c
C:\Users\user\AppData\Local\Temp\ccdOYTCx.s:21     .text.delay_loop:00000000 $t
C:\Users\user\AppData\Local\Temp\ccdOYTCx.s:26     .text.delay_loop:00000000 delay_loop
C:\Users\user\AppData\Local\Temp\ccdOYTCx.s:69     .text.delay_ms:00000000 $t
C:\Users\user\AppData\Local\Temp\ccdOYTCx.s:74     .text.delay_ms:00000000 delay_ms
C:\Users\user\AppData\Local\Temp\ccdOYTCx.s:119    .text.main:00000000 $t
C:\Users\user\AppData\Local\Temp\ccdOYTCx.s:125    .text.main:00000000 main
C:\Users\user\AppData\Local\Temp\ccdOYTCx.s:638    .text.main:000002a4 $d
C:\Users\user\AppData\Local\Temp\ccdOYTCx.s:650    .rodata:00000000 $d

NO UNDEFINED SYMBOLS
